Chapters: 447  concurrency: 8  log: /Users/garrettpetersen/records-of-the-grand-historian/data/batch-tail-cloud-launches.log
OK mingshi/292 bc-c36c64b1-0114-4c97-85ad-a5a95808096e run-4920ff9d-13eb-44e3-ad50-ce1bc2dfa5d8
OK weishu/060 bc-d767c51b-f71e-41bb-93b3-e82b6d963deb run-4ff95da2-79cb-4655-ae1a-be6e9669262e
OK songshi/265 bc-58f55f6e-7dd8-45c9-bc82-1e73490d8feb run-0271efbd-1c7d-43bf-b1a4-2f0152a20b74
OK xintangshu/202 bc-92719b43-a207-4ea9-ab19-4e33904a9dbf run-b705744b-5fe0-40eb-8902-cbb38984c377
OK qingshigao/310 bc-4bb647a0-3b7f-4103-ad03-610a4c3d6dc8 run-e1727eb9-cde0-4cb6-8766-6ab4519ec07d
OK xintangshu/061 bc-78744b72-c5e5-426d-a0d3-00a6bd526b8e run-e79829f8-2a3e-4120-9812-c6da4c9b09ef
OK zizhitongjian/214 bc-1b6e8898-34ec-4515-b272-625dc108b1a1 run-cbaf44bf-3805-4f5d-a90a-f79ebb020650
Skipping 26 already logged OK; pending 421
Chapters: 421  concurrency: 8  log: /Users/garrettpetersen/records-of-the-grand-historian/data/batch-tail-cloud-launches.log
OK songshi/067 bc-95c51cb3-7d29-443b-a737-4c8f4eee5d6a run-d6ed2a9f-7da7-47b3-9d21-c9a89ef6170c
OK yuanshi/090 bc-17852f7f-4c33-423c-b5a8-3990536fed44 run-a349a5fa-e6e1-4297-b8db-01e0dabb09fb
OK mingshi/227 bc-312b4f98-4cf9-41b2-ab9e-ef9a2058f32c run-658dba7d-8c1b-4e4a-860e-f27cdbaa6b8b
OK mingshi/187 bc-9590a1a4-6b6a-475f-86ed-37dae5deda56 run-3b401e13-de49-4c7b-a84a-d0780dca541f
OK xintangshu/082 bc-f6a08088-2b3c-4f1f-897f-1f040fbb3f9d run-ac3c8d57-7e46-4411-b948-973bd0ff6d0b
OK songshi/140 bc-8a95403f-f573-446a-88be-1c27ceaf73f7 run-4c695e97-aedb-4112-b0dc-1dedea73e21c
OK songshi/203 bc-939c5d1c-2ceb-4165-9688-2becf518ae9c run-c8ac2cf7-b51b-4c2c-b32b-f61ce8d0d5c5
OK mingshi/324 bc-a75bb638-2225-4e71-a50d-98c56652a00c run-79ca16c3-0111-437b-a74d-e87a001a7f98
OK zizhitongjian/175 bc-2c59cd40-380d-45a1-b242-60d5525e35d9 run-44fd9dd3-8a08-443e-b256-08fbbf3764d4
OK zizhitongjian/171 bc-7351e1b5-b98a-42d5-abf3-c27e83aa3522 run-a1cfb030-c955-4ba9-a4af-67bd6c5f5576
OK zizhitongjian/134 bc-33fff022-1a08-4377-8e4f-9c8446c94cb7 run-1904dd91-49d3-4613-8a1c-7bc6ceff2fed
OK mingshi/235 bc-add33660-df57-4bb9-ae7f-700aea2d3803 run-797dfe35-3106-4273-a0fc-6ae1465c8f16
OK qingshigao/250 bc-2bcf692a-a939-4990-a9d4-ec5cf6dc779b run-3318ccaf-376b-4903-8a48-05ead8cf911d
OK songshi/267 bc-b67c5abb-fe18-44f8-a650-b9c3b441e235 run-0292e8ba-c6a9-4128-a2ac-aecb01446bba
OK mingshi/161 bc-90b61fd9-7f1f-4368-a825-49f9915badb4 run-720f623a-0315-473d-9080-18b2db28ffaa
OK mingshi/118 bc-923c6d56-69b1-49f7-ad6d-7bab9a7aa783 run-1350f7d0-5e04-4e22-aa26-92b7700c6d75
OK mingshi/207 bc-ed25981d-9146-4d61-bc03-c037114d9f26 run-f22dda9d-af99-4910-9cb1-5b19bda4a388
OK weishu/066 bc-1f03a66e-bb27-4e14-8606-dcfb96c8da69 run-62582e6c-5aec-449c-8e91-ec17dcf5cbb2
OK qingshigao/212 bc-7d1eceea-0f5d-425b-beb1-61097800803f run-a134832a-95a4-4669-a478-7e0458b8cca2
OK qingshigao/492 bc-3f048d96-cd00-4081-b4ee-fcc74aecef41 run-1c2c063f-84d1-4d94-ae5e-08457e1a1f4e
OK jiutangshu/198 bc-ade2353b-65e6-435f-aa20-31d0dcfd5144 run-dd844781-bf6d-4965-b552-fa3f9ef68b8c
OK jiutangshu/184 bc-3dc60633-7d55-481b-bd38-68f69a9011c3 run-e40977a4-b956-4900-b860-41e02ed3be8c
OK mingshi/236 bc-3583aba2-f2d2-4f05-a0ca-e28e9102b256 run-6fc9a59f-7d90-41ef-834e-cc6e1f6223c3
OK mingshi/130 bc-d9574deb-65d9-4e08-b798-f17d5f598ef5 run-cac51426-5c82-48bc-934d-cf6a1ccd4759
OK songshi/157 bc-98cb297a-ad67-4ccc-8940-07f7b2b779ff run-f9cfdddf-aab8-447b-ae66-4430466ec720
OK qingshigao/177 bc-695e8cd5-c53a-44de-a25b-274635ade78c run-fd27147d-1440-4726-9e9f-cdead12e9f84
OK songshi/135 bc-1137e76b-ba99-4f9a-aff4-80bde1bc0bb1 run-c262a6df-3d7d-47e3-848d-0a7355164f1c
OK yuanshi/079 bc-8051560e-b31c-4018-b652-788673b295ca run-801586d6-8d8d-4ac5-9978-86775640dfb8
OK mingshi/173 bc-91ad0c0e-320e-44cf-8a45-cafe47cb8c7a run-3cfa36a0-9ff8-4a22-8cf2-3ac1f4fe9400
OK weishu/109 bc-e75c91a2-f447-4b20-8f91-c1a18fd058a0 run-c3161abd-239d-4368-938b-5a44941835d3
OK nanshi/077 bc-1a079be4-46bf-426d-be8c-3cb834c78ce2 run-8d16d3a9-55de-4b2b-8afa-2fae12c65ea9
OK xintangshu/126 bc-ea710516-b364-4ed8-a8c0-884f26429a9b run-810bcba7-b269-42cd-98e9-2830f4470082
OK weishu/108 bc-b471c407-2e43-4258-80a1-c3edd6554286 run-b5a7b6a6-2407-46c6-9fee-9667d3f56256
OK qingshigao/527 bc-d9c492bb-c6f8-4c68-a391-f48967efaf4f run-95d35df8-95c7-4032-81f1-26e2c7c7582c
OK mingshi/301 bc-f82c3ec7-ede9-4fd6-8957-a75c6869f1e1 run-8ea4632f-a5cd-4014-8bd9-93ffdd5db1cf
OK xintangshu/036 bc-06601715-2125-40b7-8795-81c2771fd6ca run-6c909409-d2ae-4045-9615-554420040f83
OK songshi/270 bc-6c46a84b-2eeb-4c4f-bc75-c6b99e0edcae run-522aa9ea-dcfa-479e-9e5a-2e259d823101
OK qingshigao/258 bc-2a583f97-0d0e-4e2d-a722-622f3d23bec3 run-07398e3a-925a-4bf7-b1b1-2fe45bca10b1
OK weishu/120 bc-610c4032-f0d0-4fe2-93f0-8731d4c2c5f4 run-078892be-2d12-4983-85b4-0022b4fe60fe
OK qingshigao/136 bc-7d0feca2-7d8a-4077-8b2a-c95f5d881178 run-5e08c969-b790-49d4-90f5-a4d0f5efa647
OK yuanshi/205 bc-9d45937c-8650-40e9-85ea-f1a7895d440d run-ba3f75df-f3a2-43da-a76c-d286db9d4e6e
OK songshi/257 bc-53efb379-4077-46ae-853c-4199a5ab00d7 run-73c349b2-3d3d-4983-9a2f-d7fd9562b80b
OK songshi/129 bc-9b614cbe-e958-4e9c-8313-8e2988585435 run-55c61647-4fc9-46ed-affc-39c7834187ea
OK mingshi/154 bc-bc90f371-7e40-4b58-a919-36a65e1d1283 run-cdf2ddf6-a22a-4f68-a21c-9a5803717e78
OK mingshi/193 bc-d5f75c1c-a89e-487a-adae-ea68fba63a05 run-fa74be63-994b-4caf-9bbb-1f74f70cb208
OK mingshi/234 bc-fd99a48d-b170-44d1-aea4-3987ae362698 run-bbc870ef-eea8-4216-b20c-7323b0cef09f
OK mingshi/181 bc-d6ef1a07-2448-4fe4-96c4-3e2629ce7edb run-f888db31-8dcd-4b36-ae50-bc3abcf58cac
OK qingshigao/309 bc-ec6ba40f-074a-4cf6-aa57-cb689c86fa40 run-584a978d-f2bf-4fe4-9329-1d426d19acf7
OK jiutangshu/210 bc-cb8ebdee-2d5a-44b8-8c45-7287b1e9b461 run-d4768163-2d69-4523-8e82-1af9486c8c66
OK nanshi/072 bc-6ac57fed-78ef-4f9b-8970-980acaad21ce run-d87b250e-f2e9-47ed-9e1e-687a246f739a
OK jiutangshu/105 bc-d8aef527-2b21-4675-8cde-0dfcbc8860a4 run-0196a4b5-d814-40f4-bc6b-7f315d47eca5
OK nanshi/073 bc-035225e4-672b-4429-8cc9-d79b1306db68 run-12014d44-ac7a-4ab4-b61c-f09f7b14a6fc
OK qingshigao/102 bc-6e7c0a26-b1ff-4d12-9bb6-47ac3e91f288 run-3fc6551f-047d-4477-9068-865d23ecd91c
OK qingshigao/454 bc-27d5d4ea-0be3-4b7a-b9af-8d0b5c3176a0 run-64d35da5-5d25-4a2f-8c98-afbd21432cc4
OK songshi/431 bc-da9d7ff8-1c00-4309-b342-d29445cdd5a1 run-97bd50d3-9d1e-498e-a5d5-0ced7d46b675
OK mingshi/224 bc-e2f95c1e-e2ad-4da1-8128-2fff686a1fcc run-0182986c-983d-4ad8-b47a-34ad590e5aee
OK nanshi/053 bc-b382287a-3e13-4051-8f96-88bb7560f4f1 run-1ed15c84-03b8-481e-be15-cd10cbe42265
OK weishu/063 bc-a5295bf7-544b-4e16-a2ca-f423d82eb158 run-db311d69-ceca-4ef3-84f5-78de6eef6b84
OK nanshi/055 bc-85e5b3e6-6d46-4c4c-b88c-a1d647d661e3 run-76272ebe-3872-4231-9b9c-8c522f78ebac
OK mingshi/286 bc-05155be9-37a7-49dc-96bf-c03f73b1de3b run-33179a97-371b-4647-99c2-ac88722f60b7
OK mingshi/330 bc-61a834ae-0967-4bd7-9922-11daf5b3c1f7 run-d261df41-6706-415e-9da2-def04b0730b8
OK mingshi/223 bc-7a237295-7d36-4b8c-9843-dede4b118d7e run-4d4ab184-1b1f-49d5-9860-b8f28a624c02
OK mingshi/107 bc-2d9e1ab2-aacf-4a17-aba7-3ffafc52abd4 run-0ad22295-afd4-47cb-9353-672306347703
OK qingshigao/520 bc-c32091ba-3149-464c-9512-48462851945d run-18e6443a-e178-4214-8c84-de82ecf9bd28
OK mingshi/191 bc-0c71e506-3101-401d-8487-dd14fd4ea2a6 run-c4826ea7-69a0-479d-be4b-060afe511577
OK songshi/255 bc-ab5f5369-e4c1-4649-9b4e-19739e479699 run-bdb5b194-fdaf-410f-b482-187fe51fbe73
OK weishu/057 bc-3305ea45-51c7-4d95-80bb-3cafd0c8f7c9 run-cd7caae7-3040-4177-9c7d-269aaf053048
OK qingshigao/474 bc-90451dc5-a690-4ce6-a3ac-5b0a809af07f run-feb25ae4-e314-48f3-a654-ba697bdc7d63
OK qingshigao/523 bc-c90800be-59a1-4175-b375-2703b51a150f run-4fb1c492-1edd-479b-94ef-3f0ed61bec85
OK mingshi/192 bc-c88c55e2-c429-4668-aec9-b2eb19becd8b run-0c1ff39c-99a9-4ba7-997d-ea715a9e83d1
OK beishi/060 bc-1630d244-af2a-4d0d-bbc3-2c051e9c48e9 run-004739bc-7dc9-462a-8128-cb954132fad2
OK qingshigao/254 bc-597a1919-3f22-4649-b497-18ddee9f9112 run-c0f2d4e6-d01a-40a8-9c89-21408daad9e9
OK qingshigao/226 bc-9bbd0199-b1be-4bc7-a7cf-96fa6d025a3b run-74e8e04d-8ced-4300-9cfc-bdd4d15a60af
OK mingshi/321 bc-0ae5a38c-e3c4-4a0f-ae7e-7870bd496739 run-20a30922-2d13-4dbf-80c7-08bc733259d6
OK mingshi/325 bc-8c925f5e-8c36-4305-8381-65cbe3e6cc07 run-44f89fa4-c37b-4f20-8472-814dd32b5f9d
OK mingshi/231 bc-3aaba022-1ab4-4460-a6f4-d6a44f322224 run-b19f4581-c7d4-492a-9c97-5d55c1e03547
OK mingshi/204 bc-37b32fa8-9ad5-4e64-a7aa-03d554fd337e run-0df771a4-b5c8-49e1-9d4d-559e7d2822d4
OK mingshi/110 bc-30163903-8c83-46e4-88af-dfd7c582e690 run-904f8a18-abf4-4d9d-82b6-5eb6fa972369
OK qingshigao/108 bc-8fdd2a72-57a9-4d41-b431-19474c96a713 run-646432db-1657-4fd9-bb9f-41448d9d4e1d
OK beishi/096 bc-df899e59-8fce-40f6-b3ee-2cc5e6697e3b run-abe6ab50-88df-474a-ae47-439a636dfa07
OK songshi/295 bc-175edc5f-a166-4705-acf1-7d4b1f4eb23e run-e338118b-7807-4d52-a918-b2187ca85186
OK xintangshu/220 bc-c74bcfce-bd33-4f0a-b50e-006e2a0c8915 run-604aca5f-8e51-4ac5-b428-eba2411cd791
OK xintangshu/199 bc-4cc81342-7df8-4856-8205-c84e4938d5a3 run-ad1974bf-2c34-4d8a-b998-d384eb9ab883
OK mingshi/297 bc-68b8f104-124e-46bc-a592-c1c0cb859f15 run-a360be1c-05ed-47e0-aae2-d8b12d77dde4
OK zhoushu/048 bc-8b1c7689-09ae-4059-81f1-e28910793963 run-1cac573c-7f0a-4806-8362-7ab452de217c
OK qingshigao/110 bc-7cff7fdc-23ba-4163-8fda-acf91bbf5989 run-2b307577-5b4a-4daf-973b-6beb5ae2f2ef
OK mingshi/126 bc-c1591e22-c080-4ec5-a3e7-199d8a544e40 run-afc29735-de8b-473f-91ce-255465a5ee0d
OK mingshi/316 bc-cf8fe499-6634-4e0f-93b9-449619e58962 run-7a41c740-b328-483e-8670-f086216b1566
OK yuanshi/112 bc-73ecd18b-bea6-4492-961c-0997c859ea5f run-bc825cd2-9636-4ef1-94a7-713a7a784ac6
OK nanshi/070 bc-2f0339cc-933c-49e4-9373-ccdcd3f35647 run-3ce33a58-b8ba-4ccb-ba7b-489a5693e6b4
OK mingshi/302 bc-fe053cd0-489b-4446-8999-53709886deca run-e26906e3-7dc1-4cf2-b2fe-dc4443f25093
OK beishi/080 bc-e0f56327-8a86-4dde-94a8-f54013239d25 run-d43b5f57-b160-436c-af13-975187b4f9ee
OK mingshi/133 bc-527a8505-70f3-40f4-8685-89125f7d853c run-ff893b6e-0caf-4724-bc2c-65d3e83474b1
OK xintangshu/223 bc-519ee1d4-11b8-4c75-b614-98f6779a6b14 run-2ca58784-b840-4746-8aa6-d48692fefb93
OK songshi/300 bc-729ee3b5-13b5-4a05-bf0b-9f9258711b75 run-dc37386a-9a9e-4293-a7b4-caf65af6a1a8
OK beishi/044 bc-660df75f-c9ab-4bd7-94b9-9bf4ae8ea676 run-098d45ab-b13c-4534-a9d1-99df8e17b6ef
OK mingshi/213 bc-f0ade717-3d35-4119-aef4-12e339f3f920 run-ae71bd71-b805-4cbf-9527-bc0de610c525
OK mingshi/277 bc-6edcd085-9a4a-46ff-81f9-06ce7ff28fd3 run-3257901a-0cc6-4b0b-a6e3-374b007220c1
OK xintangshu/122 bc-f569e821-031f-4e8c-bd57-74d25a2fac1b run-24ebb63c-018e-4d82-b465-747c63b12572
OK mingshi/205 bc-64f89355-d617-4a2a-a9b1-8a3353218a12 run-225a7d24-8d4f-43dd-923e-3dd278fae54e
OK beishi/051 bc-cf91ae2e-1403-4531-ad9c-3ded23939da3 run-26c171bb-a83a-4b35-a378-b401d84e8a94
OK mingshi/247 bc-38b667bd-dfd9-4715-be1a-a558f2b51343 run-700fc110-7479-4598-8073-e9af5fbd6f4d
OK songshi/162 bc-9d59dbca-5504-4008-8a9e-27c5880cc966 run-9299dd82-169d-4678-824e-1e1bfc5015d4
OK songshi/062 bc-03fcb6e2-cd45-4c3a-b975-b7fb4bf9fd91 run-a72c7a8f-d78b-4b3d-840e-e91284fb0220
OK songshi/056 bc-3f6ccd44-b69a-4859-8382-8fb8e2518ec4 run-1e48f9c1-da44-4f77-94fc-94599b5935ea
OK jiutangshu/201 bc-350ff2b3-e8b1-4c62-b593-bb40966fb6a3 run-9377115f-cdb4-411a-84f4-c452fa84e754
OK mingshi/240 bc-2872d7f3-ee06-4169-b3bb-00ca81521dc2 run-465aad54-56a9-489a-879d-ec4f698f91ea
OK mingshi/162 bc-a8790c21-683a-46e5-85f3-60de9b46b623 run-8a04303e-17d2-4685-ab94-b51d03f16ec3
OK songshi/292 bc-151ac2a9-2049-4f37-86fa-1a17f06f754a run-a8d57645-b3a2-4b54-8327-2896d36b19a6
OK nanshi/075 bc-9748b992-7653-42db-8ce8-568df9c2722d run-034a8e76-a1fc-4a6b-821f-224ab732c017
OK mingshi/303 bc-ce422816-062e-49cf-bcfc-49e0bb043a5f run-3c8cec00-be31-4961-a335-5b38e2c7789d
OK mingshi/332 bc-cc333c1f-8f40-4721-a80d-7af3439be9ba run-06c5b153-5a18-4326-b323-1a48bb711802
OK qingshigao/207 bc-48b16e23-b22a-4d01-a35c-d6e96433935a run-4f8ec479-955d-4695-8341-b0b1ee95e3f9
OK weishu/107 bc-f707ca92-959e-49af-aa30-b7cd8093ac2d run-4661c62f-663d-460e-a200-9ff77aaa321d
OK weishu/100 bc-84da3e4d-2e55-4256-a297-02f5e751b2e3 run-37d60e48-f816-458b-ab66-dbf6829b7d48
OK weishu/050 bc-f1b5ac11-c90a-486c-b0e7-86c6d0417fd3 run-2be66332-6ba0-4eda-b0cb-a3673d91bf02
OK weishu/048 bc-b5736eb8-1bb9-415e-b4d3-9e5062247edf run-56c09aaf-ce30-4b71-9cc0-2441dac9ce95
OK beishi/098 bc-4c26e05b-b004-4108-ba53-4c6c4269c786 run-b1cf7624-48f8-4971-87b4-5f6ca0211ff1
OK mingshi/278 bc-bdf03420-a8e1-455b-bfea-6826082c98db run-63551c2a-b785-4c9f-8a39-4be42b163f75
OK mingshi/177 bc-84fa5917-1b3e-4cfd-85f4-a26bc4933a4d run-f354fa43-08ed-46b2-a1b7-04bbfb7dd1a7
OK weishu/083 bc-b491b606-16a2-4b27-9650-6ae68c0e056f run-5c57a001-f8e7-46cb-b002-a53772a37753
OK mingshi/279 bc-e97e30d3-1f2e-49cd-b01e-5c111c770457 run-861e6bbf-cd23-4e7c-9dfd-39ce9e5f8ea1
OK mingshi/239 bc-9a5a04ea-3316-4d23-bc24-3536b610fe2b run-af1b7ee9-1ee2-4102-8ed5-ea6680d533ea
Skipping 149 already logged OK; pending 298
Chapters: 298  concurrency: 10  log: /Users/garrettpetersen/records-of-the-grand-historian/data/batch-tail-cloud-launches.log
OK mingshi/269 bc-9d85f8e9-3982-494f-b276-fa77385ba861 run-7c85e899-135a-4421-a163-61b179faea77
OK songshi/340 bc-01da59e0-8bfe-465f-8fa9-daa745ef1e70 run-88219c08-cca3-4c72-8170-4bf7f8c084cf
OK xintangshu/047 bc-275866dc-bc59-4056-ba8b-19ae801917e2 run-c1f189fe-5e07-44c0-905f-ac58fd35fabb
OK beishi/056 bc-8ae47872-8080-455b-8dbe-627ffcc9566a run-e4bcf7df-ec98-4cbb-a650-75ca8872f49f
OK weishu/119 bc-e8525f7b-9962-47a7-922c-ed02e1904cf4 run-60eb5ec7-72b9-4f29-bbad-15dff4bebe28
OK songshi/328 bc-df4c2c44-5f7e-47a8-98f8-b88bece89805 run-ecec68c0-bda9-452d-b843-0941bea486bf
OK qingshigao/129 bc-3e893d1d-9266-4f9d-ba6a-04e7ec40ba55 run-be863856-7eb1-4c06-a1c7-a3a71fce0c58
OK weishu/119 bc-7aba44e4-c23c-4eb4-886e-c078200301c2 run-94d82dce-cedf-45e3-8485-2739d0a01c68
OK jiutangshu/176 bc-a0985201-46f8-4946-9c5b-bfc6609c3081 run-f49425e4-377a-499e-bb24-39d1abb8ca52
OK songshi/331 bc-ef60902d-5746-4768-af2d-e4dd73af8660 run-62732d30-e810-4cf5-89dc-c268a4457e68
OK beishi/056 bc-77bd2c94-c201-4925-bd34-7bf97bba3865 run-70b170b3-8b35-445c-bbbf-ef87b9efaeb9
OK songshi/340 bc-a8781897-41e5-40c3-bcc2-10dbc5612d06 run-60f944c7-705a-4008-b852-c1bcb970946c
OK mingshi/269 bc-61a4ada6-dddf-4965-9f18-0d17d7ff5d5c run-4ad1644a-b3e5-4f15-8c01-d39c0d75009e
OK mingshi/159 bc-fad02636-a430-4660-875e-d2a4a88f7382 run-63d5b4d8-3f7d-4688-a591-00e9651167a1
OK songshi/331 bc-43eb69a8-ca46-4b74-bf82-e5e5eebfb91b run-1af1a84b-27e4-420b-ba0d-1f2c08f67c23
OK mingshi/176 bc-ea14c8e4-b913-420f-951b-c0bece017e7c run-16c33d54-5e15-47cf-854c-1afe8987bf44
OK qingshigao/129 bc-0edbf5c1-391b-4f6f-93f8-912d3039a2e9 run-9748653d-a94b-4432-86f1-6a73d4862aa7
OK beishi/048 bc-ca14584e-8909-40eb-8b65-f416e33ac4cb run-a74598de-f210-454b-a8ee-1c5a107048a7
OK songshu/084 bc-bf4fc0da-f6f8-4196-ad43-70ca88109fac run-7b3798ae-46ca-48f5-96d3-1a237ff39715
OK mingshi/176 bc-0853ed88-6987-449e-a2d9-0fca804c6e28 run-9ee7f6d4-d6ca-4b83-ada6-9d0ecf20035f
OK xintangshu/047 bc-9f47074c-c5e3-4955-8519-00a6d376ee00 run-ea9a84b3-1ec5-4768-869c-2570d4375fc8
OK mingshi/211 bc-fa2f09e9-1e91-4e68-a09c-4fee76d49df1 run-bd26ba40-2097-4232-984d-6fa30e9352c6
OK jiutangshu/176 bc-fef704de-4b52-4455-a5e5-33ccfe1634f7 run-f5f72d6b-05a1-47f7-9e3a-8b11b4582f76
OK mingshi/088 bc-2b43e425-65df-4c9d-9cf9-f16dd916225a run-9a347cbd-d3d7-4de2-86eb-eb73dd0a6b9e
OK mingshi/289 bc-f3496610-89d8-4500-81e2-413af4eabdc2 run-e3edb9c8-5a3f-4675-97d4-7a588c85fec5
OK songshu/084 bc-f6eca3cc-5868-4a30-8951-cef689a949d3 run-3d2dfcf9-9e21-4160-83f6-2c00eac61450
OK mingshi/289 bc-0f704971-ff75-4462-a996-9792a962076c run-9038161c-0253-4194-9e23-fb7d4a60a400
OK mingshi/088 bc-bb98f163-7930-4a62-8cea-87ef94d06961 run-238d1008-b5c9-4987-b6f2-9a7e5aa9c346
OK beishi/048 bc-347feb72-0245-484c-b686-ff4a8f52888b run-8df61f2c-991c-48cf-9331-74f2956beca5
OK mingshi/211 bc-b9c2a357-4fe2-42cc-987b-cf22869646d3 run-6b507f68-7a6e-4f5b-9b30-c18f504c6953
OK mingshi/159 bc-2f8c84d6-b189-4ea2-bfea-adcd44d463dd run-b3139b36-5a2a-441c-9d58-037fcc78c38a
OK songshu/074 bc-50488f90-3dab-4875-b14c-cbdf4a9ff3e6 run-907c33bd-e6f2-4ae6-8eab-dca18297f07a
OK songshi/147 bc-b6ce6b92-942a-4988-9731-208eab54ef16 run-f37dfb8f-1f72-4f9e-ae9a-276851f5f72d
OK weishu/070 bc-033f7703-8f1d-4104-9c2a-4f179fdc350b run-dcd5bb9a-926f-44a5-8c54-3e48e1a413d6
OK songshi/147 bc-af69540a-e316-4879-9943-52f3a459c402 run-e3451a30-e65c-48a1-96d9-637045070a93
OK songshu/074 bc-c921cabc-12a1-4716-9538-3e6cc76c99a2 run-42bc6799-29fb-4f7a-b12b-2800dc248f69
OK weishu/070 bc-506fc20d-1b35-4cbe-aecd-14313aa4afe1 run-76c9a3db-4015-42f5-94b5-74ccfb931193
OK songshi/187 bc-32028991-3fa2-45d6-8331-964833c2ceac run-357d7c29-5dd9-4230-b48b-2eea4702605d
OK mingshi/311 bc-69196d41-0e3c-4497-a7f9-caa4b5fb4925 run-aa0e152d-d38f-4652-a062-882b8a3b226d
OK qingshigao/176 bc-cb88076b-c8c8-40b7-97e3-6cc49fcb8b35 run-427542dc-a543-403d-a8d4-3f817ae48f77
OK mingshi/314 bc-8fb6e9d8-cacc-4c56-87f0-4c1adec35bc3 run-e9a3d50a-5cf5-44d9-b797-7ec2b08285fc
OK songshi/187 bc-08cc2a44-e89b-4a46-a137-d69fcdfeb8fa run-448d28e7-1c56-4ed2-852a-ec14b3d55045
OK qingshigao/122 bc-d30be080-8f0e-4160-8292-c15caf6e0a21 run-5ae2ca2f-4470-449d-b8da-89882df989df
OK mingshi/210 bc-2fe6b177-a1fa-4ce6-b0d1-22129bdafb79 run-5f3bb2fb-e4c5-4b94-af1f-6ede828f422e
OK mingshi/327 bc-20360eda-6b24-41f0-89b1-d2e274fa0ab4 run-57e55b3e-de6b-4042-a3a0-dabfbabdc455
OK mingshi/327 bc-dd401d5e-a810-4199-bb59-db63ebde123d run-9010d45a-578a-447f-85db-175d5e40016b
OK mingshi/244 bc-45ea667f-ea23-44ae-9bf8-739f4161e93d run-c3aa1832-c636-4048-b973-f3e4a43235f1
OK mingshi/210 bc-30b78f8c-fe04-4eb7-a3d9-abce8cebcd04 run-31381804-2cbe-47fc-ba9e-b72d3a0985ff
OK mingshi/311 bc-bd3c6b8d-4ae8-44a2-8d51-9162181f0230 run-55291631-7729-42f7-a2fd-f20c85f4f970
OK weishu/090 bc-e6bcacb1-6dbd-46ed-b6e0-b5fd61fa1203 run-005a0719-94bd-44e0-9da7-ac433e4d67d3
OK qingshigao/176 bc-81a01cd6-905f-4da8-897a-f2a8435d6fef run-616dfe46-65eb-4969-b855-b65a43e4454b
OK weishu/090 bc-6894c42a-2b11-4be3-b730-8e8a515d211c run-53759401-a4d9-42dd-ac4a-4e74a82f28f1
OK mingshi/244 bc-c1816cb9-ce3d-4836-b077-b5d5c3f83db2 run-f40808cf-0b7d-42c2-9579-efe5c785e76b
OK mingshi/320 bc-672a911e-d0f6-4028-902c-90289302c0fd run-16bb70d7-5a5a-4359-a7b0-e9637f282920
OK mingshi/314 bc-bdc48a25-2708-472a-bb67-f0d02d37a1ac run-7d31defd-742e-4dde-a792-c781f5380d4d
OK mingshi/320 bc-66c213b3-53b4-4d1a-b4d5-f01d1137472b run-b57a35d9-fdaa-4f62-8a2b-20e95640808a
OK songshi/314 bc-cd7611d7-25e0-435d-a65e-be27e07f19f1 run-76a4ba63-7ea2-4fff-b274-27b6b72f2ca4
OK qingshigao/220 bc-63b9b7b3-78b4-4cd3-8275-7bef5add7715 run-19aba1f5-2e8b-4a03-94ab-348d9dd383e3
OK weishu/058 bc-4a2713e1-1157-4b08-beb7-b25869d9066c run-dd57fc66-73be-4968-91f3-98fb89f74777
OK xintangshu/076 bc-178cf7e7-f0d6-48a9-a912-70a3d415c8e2 run-97705f12-3764-4cb2-a3a5-fbd4713b3024
OK qingshigao/220 bc-e7f247ba-0c65-4abf-8169-ccd4d06d8bff run-d00b6555-6f3a-4224-8579-3f0c0019c863
OK qingshigao/491 bc-9fb7a567-a358-48f8-a55f-e3d398c31860 run-5bf31715-c515-4799-a9ca-ef23ab3408f4
OK weishu/058 bc-843ebf8f-e9a3-4939-b4fb-3d7eb544af8b run-b4dc6bd0-6d4a-43d4-b4ce-06c220c70f75
OK qingshigao/122 bc-fd93d7f4-2ab3-46c0-bdde-aac3a9a59f1d run-008f07d7-010b-4827-af2c-395d5f4706a9
OK xintangshu/076 bc-c34c2e6b-f88a-42f1-a2f4-3750bc38af8e run-ff125e3c-3669-4ea4-80ff-7d90c8c257dc
OK songshi/314 bc-30aa9b73-d2a1-4c40-a4ca-deb509577644 run-146c306c-e04e-4742-9e5e-13ccc02ddddd
FAIL qingshigao/056: You have exceeded the rate limit of 100 requests per minute.
FAIL mingshi/260: You have exceeded the rate limit of 100 requests per minute.
FAIL qingshigao/234: You have exceeded the rate limit of 100 requests per minute.
FAIL songshi/090: You have exceeded the rate limit of 100 requests per minute.
OK qingshigao/491 bc-75f6b3ae-132c-4175-9e0d-44abaf422a81 run-5f334123-1d42-45a3-82d2-61ebb82aaebc
FAIL mingshi/276: You have exceeded the rate limit of 100 requests per minute.
FAIL mingshi/307: You have exceeded the rate limit of 100 requests per minute.
FAIL nanshi/080: You have exceeded the rate limit of 100 requests per minute.
FAIL mingshi/109: You have exceeded the rate limit of 100 requests per minute.
FAIL mingshi/251: You have exceeded the rate limit of 100 requests per minute.
FAIL mingshi/305: You have exceeded the rate limit of 100 requests per minute.
FAIL qingshigao/324: You have exceeded the rate limit of 100 requests per minute.
FAIL songshi/434: You have exceeded the rate limit of 100 requests per minute.
FAIL qingshigao/095: You have exceeded the rate limit of 100 requests per minute.
FAIL mingshi/260: You have exceeded the rate limit of 100 requests per minute.
FAIL qingshigao/489: You have exceeded the rate limit of 100 requests per minute.
FAIL mingshi/200: You have exceeded the rate limit of 100 requests per minute.
OK songshi/243 bc-46b8730b-91b3-4783-b09a-8af8fab1f986 run-8edd07d3-5607-44da-b979-7d8c2f5a3a8e
FAIL songshi/277: You have exceeded the rate limit of 100 requests per minute.
FAIL qingshigao/234: You have exceeded the rate limit of 100 requests per minute.
FAIL xintangshu/163: You have exceeded the rate limit of 100 requests per minute.
FAIL beishi/061: You have exceeded the rate limit of 100 requests per minute.
FAIL songshi/090: You have exceeded the rate limit of 100 requests per minute.
FAIL mingshi/315: You have exceeded the rate limit of 100 requests per minute.
FAIL songshi/121: You have exceeded the rate limit of 100 requests per minute.
FAIL weishu/128: You have exceeded the rate limit of 100 requests per minute.
FAIL mingshi/307: You have exceeded the rate limit of 100 requests per minute.
FAIL beishi/049: You have exceeded the rate limit of 100 requests per minute.
FAIL mingshi/220: You have exceeded the rate limit of 100 requests per minute.
FAIL beishi/063: You have exceeded the rate limit of 100 requests per minute.
FAIL mingshi/196: You have exceeded the rate limit of 100 requests per minute.
FAIL nanshi/080: You have exceeded the rate limit of 100 requests per minute.
FAIL weishu/118: You have exceeded the rate limit of 100 requests per minute.
FAIL mingshi/206: You have exceeded the rate limit of 100 requests per minute.
FAIL xintangshu/217: You have exceeded the rate limit of 100 requests per minute.
FAIL mingshi/255: You have exceeded the rate limit of 100 requests per minute.
FAIL mingshi/109: You have exceeded the rate limit of 100 requests per minute.
FAIL mingshi/294: You have exceeded the rate limit of 100 requests per minute.
FAIL yuanshi/069: You have exceeded the rate limit of 100 requests per minute.
OK songshi/243 bc-741a9377-0697-4483-a732-3dc0ad58ef06 run-8b9d4955-4620-43bf-b8e9-7a50b65a068e
FAIL weishu/077: You have exceeded the rate limit of 100 requests per minute.
FAIL weishu/123: You have exceeded the rate limit of 100 requests per minute.
OK mingshi/164 bc-ae55fbb6-b81a-4031-8af5-7bc8009d10ae run-861a442e-55cd-4d9e-b53d-8a14d5e77e5b
FAIL mingshi/251: You have exceeded the rate limit of 100 requests per minute.
FAIL xintangshu/083: You have exceeded the rate limit of 100 requests per minute.
FAIL qingshigao/485: You have exceeded the rate limit of 100 requests per minute.
FAIL mingshi/304: You have exceeded the rate limit of 100 requests per minute.
OK songshi/262 bc-c8845cf4-27a4-4c2a-ad75-5fcb089978d0 run-82c1cd1e-a6ab-4124-94ea-dfeb2fcf7fc2
FAIL qingshigao/498: You have exceeded the rate limit of 100 requests per minute.
FAIL qingshigao/324: You have exceeded the rate limit of 100 requests per minute.
FAIL xintangshu/118: You have exceeded the rate limit of 100 requests per minute.
FAIL mingshi/194: You have exceeded the rate limit of 100 requests per minute.
FAIL mingshi/172: You have exceeded the rate limit of 100 requests per minute.
FAIL songshi/434: You have exceeded the rate limit of 100 requests per minute.
FAIL qingshigao/095: You have exceeded the rate limit of 100 requests per minute.
OK mingshi/164 bc-671cccf1-b649-4255-8b8c-e6ebb605b359 run-f73028ab-0e1d-47fb-b68b-827930332ca5
FAIL qingshigao/489: You have exceeded the rate limit of 100 requests per minute.
FAIL mingshi/200: You have exceeded the rate limit of 100 requests per minute.
FAIL songshi/163: You have exceeded the rate limit of 100 requests per minute.
FAIL songshi/277: You have exceeded the rate limit of 100 requests per minute.
FAIL songshi/138: You have exceeded the rate limit of 100 requests per minute.
FAIL qingshigao/478: You have exceeded the rate limit of 100 requests per minute.
FAIL weishu/053: You have exceeded the rate limit of 100 requests per minute.
FAIL songshi/172: You have exceeded the rate limit of 100 requests per minute.
FAIL xintangshu/163: You have exceeded the rate limit of 100 requests per minute.
FAIL beishi/097: You have exceeded the rate limit of 100 requests per minute.
FAIL beishi/061: You have exceeded the rate limit of 100 requests per minute.
FAIL mingshi/208: You have exceeded the rate limit of 100 requests per minute.
FAIL xintangshu/042: You have exceeded the rate limit of 100 requests per minute.
FAIL mingshi/315: You have exceeded the rate limit of 100 requests per minute.
FAIL qingshigao/213: You have exceeded the rate limit of 100 requests per minute.
FAIL beishi/082: You have exceeded the rate limit of 100 requests per minute.
FAIL mingshi/202: You have exceeded the rate limit of 100 requests per minute.
FAIL songshi/121: You have exceeded the rate limit of 100 requests per minute.
FAIL mingshi/212: You have exceeded the rate limit of 100 requests per minute.
FAIL mingshi/220: You have exceeded the rate limit of 100 requests per minute.
FAIL weishu/128: You have exceeded the rate limit of 100 requests per minute.
FAIL qingshigao/215: You have exceeded the rate limit of 100 requests per minute.
FAIL qingshigao/507: You have exceeded the rate limit of 100 requests per minute.
FAIL mingshi/222: You have exceeded the rate limit of 100 requests per minute.
FAIL qingshigao/162: You have exceeded the rate limit of 100 requests per minute.
FAIL xintangshu/037: You have exceeded the rate limit of 100 requests per minute.
OK mingshi/309 bc-62b71cd7-60f6-4e9d-9064-bb5e7409c726 run-71cf8df5-12ed-4388-9159-f8e9d81c4523
FAIL qingshigao/513: You have exceeded the rate limit of 100 requests per minute.
FAIL beishi/063: You have exceeded the rate limit of 100 requests per minute.
FAIL qingshigao/479: You have exceeded the rate limit of 100 requests per minute.
FAIL yuanshi/096: You have exceeded the rate limit of 100 requests per minute.
FAIL beishi/100: You have exceeded the rate limit of 100 requests per minute.
FAIL mingshi/196: You have exceeded the rate limit of 100 requests per minute.
FAIL songshi/086: You have exceeded the rate limit of 100 requests per minute.
FAIL qingshigao/121: You have exceeded the rate limit of 100 requests per minute.
FAIL weishu/118: You have exceeded the rate limit of 100 requests per minute.
OK mingshi/203 bc-14d1ec47-9183-487a-8e70-e70776885b85 run-e18ced5f-9a86-4416-bc02-1eeaae0044fc
FAIL mingshi/206: You have exceeded the rate limit of 100 requests per minute.
FAIL beishi/049: You have exceeded the rate limit of 100 requests per minute.
FAIL songshi/049: You have exceeded the rate limit of 100 requests per minute.
FAIL beishi/094: You have exceeded the rate limit of 100 requests per minute.
FAIL songshi/173: You have exceeded the rate limit of 100 requests per minute.
FAIL mingshi/198: You have exceeded the rate limit of 100 requests per minute.
OK mingshi/309 bc-0d1104c5-07b5-4045-953e-3f8f2b72d883 run-43878d82-4fea-439a-9ccb-7fd944d1f3d9
FAIL xintangshu/217: You have exceeded the rate limit of 100 requests per minute.
FAIL qingshigao/506: You have exceeded the rate limit of 100 requests per minute.
FAIL yuanshi/085: You have exceeded the rate limit of 100 requests per minute.
FAIL mingshi/255: You have exceeded the rate limit of 100 requests per minute.
FAIL mingshi/294: You have exceeded the rate limit of 100 requests per minute.
FAIL yuanshi/069: You have exceeded the rate limit of 100 requests per minute.
FAIL songshi/171: You have exceeded the rate limit of 100 requests per minute.
FAIL mingshi/098: You have exceeded the rate limit of 100 requests per minute.
FAIL weishu/077: You have exceeded the rate limit of 100 requests per minute.
FAIL qingshigao/135: You have exceeded the rate limit of 100 requests per minute.
FAIL beishi/071: You have exceeded the rate limit of 100 requests per minute.
FAIL weishu/123: You have exceeded the rate limit of 100 requests per minute.
FAIL xintangshu/083: You have exceeded the rate limit of 100 requests per minute.
FAIL qingshigao/493: You have exceeded the rate limit of 100 requests per minute.
FAIL qingshigao/123: You have exceeded the rate limit of 100 requests per minute.
FAIL xintangshu/057: You have exceeded the rate limit of 100 requests per minute.
FAIL mingshi/304: You have exceeded the rate limit of 100 requests per minute.
FAIL qingshigao/485: You have exceeded the rate limit of 100 requests per minute.
FAIL qingshigao/211: You have exceeded the rate limit of 100 requests per minute.
FAIL xintangshu/216: You have exceeded the rate limit of 100 requests per minute.
FAIL qingshigao/498: You have exceeded the rate limit of 100 requests per minute.
FAIL beishi/070: You have exceeded the rate limit of 100 requests per minute.
FAIL mingshi/281: You have exceeded the rate limit of 100 requests per minute.
FAIL xintangshu/118: You have exceeded the rate limit of 100 requests per minute.
FAIL qingshigao/477: You have exceeded the rate limit of 100 requests per minute.
FAIL xintangshu/215: You have exceeded the rate limit of 100 requests per minute.
FAIL mingshi/172: You have exceeded the rate limit of 100 requests per minute.
FAIL qingshigao/125: You have exceeded the rate limit of 100 requests per minute.
FAIL qingshigao/478: You have exceeded the rate limit of 100 requests per minute.
FAIL weishu/082: You have exceeded the rate limit of 100 requests per minute.
FAIL songshi/138: You have exceeded the rate limit of 100 requests per minute.
FAIL mingshi/194: You have exceeded the rate limit of 100 requests per minute.
FAIL beishi/047: You have exceeded the rate limit of 100 requests per minute.
FAIL qingshigao/525: You have exceeded the rate limit of 100 requests per minute.
FAIL beishi/045: You have exceeded the rate limit of 100 requests per minute.
FAIL songshi/163: You have exceeded the rate limit of 100 requests per minute.
OK mingshi/203 bc-c0774d10-a16c-4f34-8c91-67402ce14883 run-d201ac70-4b8c-4366-b5c2-dbe56f27f6ea
FAIL qingshigao/528: You have exceeded the rate limit of 100 requests per minute.
FAIL qingshigao/154: You have exceeded the rate limit of 100 requests per minute.
OK mingshi/305 bc-b1f6fa1e-60ea-435b-992e-1e2e618e94e3 run-d3d664be-3349-48a7-a003-b37c19cd77a3
FAIL songshi/172: You have exceeded the rate limit of 100 requests per minute.
FAIL weishu/053: You have exceeded the rate limit of 100 requests per minute.
FAIL songshi/133: You have exceeded the rate limit of 100 requests per minute.
FAIL qingshigao/227: You have exceeded the rate limit of 100 requests per minute.
FAIL beishi/097: You have exceeded the rate limit of 100 requests per minute.
FAIL mingshi/208: You have exceeded the rate limit of 100 requests per minute.
FAIL jiutangshu/194: You have exceeded the rate limit of 100 requests per minute.
FAIL qingshigao/308: You have exceeded the rate limit of 100 requests per minute.
FAIL qingshigao/171: You have exceeded the rate limit of 100 requests per minute.
OK mingshi/276 bc-0f72d4a0-25da-4841-bf6f-e2c5f5c8ec1b run-8f0d6505-785d-4af0-b561-7708c1555773
FAIL qingshigao/213: You have exceeded the rate limit of 100 requests per minute.
FAIL beishi/082: You have exceeded the rate limit of 100 requests per minute.
FAIL xintangshu/042: You have exceeded the rate limit of 100 requests per minute.
FAIL xintangshu/037: You have exceeded the rate limit of 100 requests per minute.
FAIL mingshi/202: You have exceeded the rate limit of 100 requests per minute.
FAIL jiutangshu/199: You have exceeded the rate limit of 100 requests per minute.
FAIL qingshigao/216: You have exceeded the rate limit of 100 requests per minute.
FAIL qingshigao/521: You have exceeded the rate limit of 100 requests per minute.
FAIL songshi/085: You have exceeded the rate limit of 100 requests per minute.
FAIL mingshi/096: You have exceeded the rate limit of 100 requests per minute.
FAIL mingshi/283: You have exceeded the rate limit of 100 requests per minute.
FAIL qingshigao/490: You have exceeded the rate limit of 100 requests per minute.
FAIL songshu/095: You have exceeded the rate limit of 100 requests per minute.
FAIL mingshi/216: You have exceeded the rate limit of 100 requests per minute.
FAIL yuanshi/070: You have exceeded the rate limit of 100 requests per minute.
FAIL qingshigao/055: You have exceeded the rate limit of 100 requests per minute.
FAIL songshi/139: You have exceeded the rate limit of 100 requests per minute.
FAIL xintangshu/038: You have exceeded the rate limit of 100 requests per minute.
FAIL qingshigao/097: You have exceeded the rate limit of 100 requests per minute.
FAIL mingshi/212: You have exceeded the rate limit of 100 requests per minute.
FAIL qingshigao/162: You have exceeded the rate limit of 100 requests per minute.
FAIL songshi/049: You have exceeded the rate limit of 100 requests per minute.
FAIL mingshi/222: You have exceeded the rate limit of 100 requests per minute.
OK songshi/262 bc-a8519540-ca43-4a27-b163-6f2ab2240eac run-19b6cd14-76f4-4d5f-aade-d016c0eb3674
FAIL qingshigao/184: You have exceeded the rate limit of 100 requests per minute.
FAIL qingshigao/496: You have exceeded the rate limit of 100 requests per minute.
FAIL beishi/054: You have exceeded the rate limit of 100 requests per minute.
FAIL mingshi/209: You have exceeded the rate limit of 100 requests per minute.
FAIL beishi/081: You have exceeded the rate limit of 100 requests per minute.
FAIL qingshigao/479: You have exceeded the rate limit of 100 requests per minute.
FAIL qingshigao/121: You have exceeded the rate limit of 100 requests per minute.
FAIL qingshigao/513: You have exceeded the rate limit of 100 requests per minute.
FAIL songshi/173: You have exceeded the rate limit of 100 requests per minute.
FAIL qingshigao/215: You have exceeded the rate limit of 100 requests per minute.
FAIL qingshigao/066: You have exceeded the rate limit of 100 requests per minute.
FAIL weishu/076: You have exceeded the rate limit of 100 requests per minute.
FAIL weishu/114: You have exceeded the rate limit of 100 requests per minute.
FAIL beishi/055: You have exceeded the rate limit of 100 requests per minute.
FAIL xintangshu/200: You have exceeded the rate limit of 100 requests per minute.
FAIL qingshigao/507: You have exceeded the rate limit of 100 requests per minute.
FAIL yuanshi/096: You have exceeded the rate limit of 100 requests per minute.
FAIL beishi/053: You have exceeded the rate limit of 100 requests per minute.
FAIL mingshi/188: You have exceeded the rate limit of 100 requests per minute.
FAIL beishi/094: You have exceeded the rate limit of 100 requests per minute.
FAIL qingshigao/476: You have exceeded the rate limit of 100 requests per minute.
FAIL yuanshi/062: You have exceeded the rate limit of 100 requests per minute.
FAIL yuanshi/085: You have exceeded the rate limit of 100 requests per minute.
FAIL mingshi/259: You have exceeded the rate limit of 100 requests per minute.
FAIL songshi/233: You have exceeded the rate limit of 100 requests per minute.
FAIL yuanshi/060: You have exceeded the rate limit of 100 requests per minute.
FAIL qingshigao/506: You have exceeded the rate limit of 100 requests per minute.
FAIL beishi/100: You have exceeded the rate limit of 100 requests per minute.
FAIL yuanshi/059: You have exceeded the rate limit of 100 requests per minute.
FAIL songshi/171: You have exceeded the rate limit of 100 requests per minute.
FAIL mingshi/198: You have exceeded the rate limit of 100 requests per minute.
FAIL weishu/113: You have exceeded the rate limit of 100 requests per minute.
FAIL weishu/129: You have exceeded the rate limit of 100 requests per minute.
FAIL songshi/086: You have exceeded the rate limit of 100 requests per minute.
FAIL qingshigao/064: You have exceeded the rate limit of 100 requests per minute.
FAIL mingshi/098: You have exceeded the rate limit of 100 requests per minute.
FAIL beishi/064: You have exceeded the rate limit of 100 requests per minute.
FAIL mingshi/186: You have exceeded the rate limit of 100 requests per minute.
FAIL qingshigao/135: You have exceeded the rate limit of 100 requests per minute.
FAIL weishu/097: You have exceeded the rate limit of 100 requests per minute.
FAIL weishu/103: You have exceeded the rate limit of 100 requests per minute.
FAIL qingshigao/067: You have exceeded the rate limit of 100 requests per minute.
FAIL beishi/071: You have exceeded the rate limit of 100 requests per minute.
FAIL qingshigao/493: You have exceeded the rate limit of 100 requests per minute.
FAIL songshi/132: You have exceeded the rate limit of 100 requests per minute.
FAIL xintangshu/057: You have exceeded the rate limit of 100 requests per minute.
FAIL songshi/189: You have exceeded the rate limit of 100 requests per minute.
FAIL qingshigao/123: You have exceeded the rate limit of 100 requests per minute.
FAIL weishu/112: You have exceeded the rate limit of 100 requests per minute.
FAIL qingshigao/103: You have exceeded the rate limit of 100 requests per minute.
FAIL beishi/070: You have exceeded the rate limit of 100 requests per minute.
FAIL qingshigao/211: You have exceeded the rate limit of 100 requests per minute.
FAIL qingshigao/180: You have exceeded the rate limit of 100 requests per minute.
FAIL mingshi/258: You have exceeded the rate limit of 100 requests per minute.
FAIL xintangshu/216: You have exceeded the rate limit of 100 requests per minute.
FAIL weishu/130: You have exceeded the rate limit of 100 requests per minute.
FAIL qingshigao/510: You have exceeded the rate limit of 100 requests per minute.
FAIL mingshi/281: You have exceeded the rate limit of 100 requests per minute.
FAIL weishu/082: You have exceeded the rate limit of 100 requests per minute.
FAIL xintangshu/215: You have exceeded the rate limit of 100 requests per minute.
FAIL songshi/235: You have exceeded the rate limit of 100 requests per minute.
FAIL mingshi/306: You have exceeded the rate limit of 100 requests per minute.
FAIL yuanshi/061: You have exceeded the rate limit of 100 requests per minute.
FAIL mingshi/282: You have exceeded the rate limit of 100 requests per minute.
FAIL qingshigao/477: You have exceeded the rate limit of 100 requests per minute.
FAIL qingshigao/125: You have exceeded the rate limit of 100 requests per minute.
FAIL qingshigao/526: You have exceeded the rate limit of 100 requests per minute.
FAIL qingshigao/525: You have exceeded the rate limit of 100 requests per minute.
FAIL qingshigao/059: You have exceeded the rate limit of 100 requests per minute.
FAIL beishi/045: You have exceeded the rate limit of 100 requests per minute.
FAIL songshi/087: You have exceeded the rate limit of 100 requests per minute.
FAIL beishi/093: You have exceeded the rate limit of 100 requests per minute.
FAIL mingshi/180: You have exceeded the rate limit of 100 requests per minute.
FAIL qingshigao/154: You have exceeded the rate limit of 100 requests per minute.
FAIL qingshigao/528: You have exceeded the rate limit of 100 requests per minute.
FAIL qingshigao/116: You have exceeded the rate limit of 100 requests per minute.
FAIL mingshi/308: You have exceeded the rate limit of 100 requests per minute.
FAIL beishi/083: You have exceeded the rate limit of 100 requests per minute.
FAIL songshi/133: You have exceeded the rate limit of 100 requests per minute.
FAIL qingshigao/227: You have exceeded the rate limit of 100 requests per minute.
FAIL qingshigao/118: You have exceeded the rate limit of 100 requests per minute.
FAIL jiutangshu/194: You have exceeded the rate limit of 100 requests per minute.
FAIL beishi/092: You have exceeded the rate limit of 100 requests per minute.
FAIL qingshigao/210: You have exceeded the rate limit of 100 requests per minute.
FAIL qingshigao/308: You have exceeded the rate limit of 100 requests per minute.
FAIL qingshigao/508: You have exceeded the rate limit of 100 requests per minute.
FAIL qingshigao/214: You have exceeded the rate limit of 100 requests per minute.
FAIL beishi/081: You have exceeded the rate limit of 100 requests per minute.
FAIL qingshigao/509: You have exceeded the rate limit of 100 requests per minute.
FAIL songshi/169: You have exceeded the rate limit of 100 requests per minute.
FAIL xintangshu/048: You have exceeded the rate limit of 100 requests per minute.
FAIL xintangshu/224: You have exceeded the rate limit of 100 requests per minute.
FAIL qingshigao/171: You have exceeded the rate limit of 100 requests per minute.
FAIL jiutangshu/199: You have exceeded the rate limit of 100 requests per minute.
FAIL qingshigao/521: You have exceeded the rate limit of 100 requests per minute.
FAIL qingshigao/486: You have exceeded the rate limit of 100 requests per minute.
FAIL mingshi/096: You have exceeded the rate limit of 100 requests per minute.
FAIL qingshigao/077: You have exceeded the rate limit of 100 requests per minute.
FAIL qingshigao/063: You have exceeded the rate limit of 100 requests per minute.
FAIL mingshi/283: You have exceeded the rate limit of 100 requests per minute.
FAIL beishi/043: You have exceeded the rate limit of 100 requests per minute.
FAIL yuanshi/052: You have exceeded the rate limit of 100 requests per minute.
FAIL xintangshu/049: You have exceeded the rate limit of 100 requests per minute.
FAIL qingshigao/099: You have exceeded the rate limit of 100 requests per minute.
FAIL qingshigao/490: You have exceeded the rate limit of 100 requests per minute.
FAIL qingshigao/209: You have exceeded the rate limit of 100 requests per minute.
FAIL songshi/137: You have exceeded the rate limit of 100 requests per minute.
FAIL songshi/085: You have exceeded the rate limit of 100 requests per minute.
FAIL qingshigao/216: You have exceeded the rate limit of 100 requests per minute.
FAIL beishi/047: You have exceeded the rate limit of 100 requests per minute.
FAIL songshu/095: You have exceeded the rate limit of 100 requests per minute.
FAIL qingshigao/058: You have exceeded the rate limit of 100 requests per minute.
FAIL xintangshu/040: You have exceeded the rate limit of 100 requests per minute.
FAIL xintangshu/038: You have exceeded the rate limit of 100 requests per minute.
FAIL songshi/052: You have exceeded the rate limit of 100 requests per minute.
FAIL songshi/241: You have exceeded the rate limit of 100 requests per minute.
FAIL mingshi/216: You have exceeded the rate limit of 100 requests per minute.
FAIL songshi/089: You have exceeded the rate limit of 100 requests per minute.
FAIL beishi/089: You have exceeded the rate limit of 100 requests per minute.
FAIL beishi/053: You have exceeded the rate limit of 100 requests per minute.
FAIL qingshigao/481: You have exceeded the rate limit of 100 requests per minute.
FAIL qingshigao/076: You have exceeded the rate limit of 100 requests per minute.
FAIL songshi/223: You have exceeded the rate limit of 100 requests per minute.
FAIL yuanshi/070: You have exceeded the rate limit of 100 requests per minute.
FAIL qingshigao/055: You have exceeded the rate limit of 100 requests per minute.
FAIL qingshigao/097: You have exceeded the rate limit of 100 requests per minute.
FAIL songshi/202: You have exceeded the rate limit of 100 requests per minute.
FAIL songshi/139: You have exceeded the rate limit of 100 requests per minute.
FAIL qingshigao/075: You have exceeded the rate limit of 100 requests per minute.
FAIL qingshigao/126: You have exceeded the rate limit of 100 requests per minute.
FAIL qingshigao/066: You have exceeded the rate limit of 100 requests per minute.
FAIL weishu/101: You have exceeded the rate limit of 100 requests per minute.
FAIL qingshigao/070: You have exceeded the rate limit of 100 requests per minute.
FAIL qingshigao/496: You have exceeded the rate limit of 100 requests per minute.
FAIL qingshigao/068: You have exceeded the rate limit of 100 requests per minute.
FAIL qingshigao/184: You have exceeded the rate limit of 100 requests per minute.
FAIL mingshi/099: You have exceeded the rate limit of 100 requests per minute.
FAIL qingshigao/072: You have exceeded the rate limit of 100 requests per minute.
FAIL qingshigao/476: You have exceeded the rate limit of 100 requests per minute.
FAIL songshi/134: You have exceeded the rate limit of 100 requests per minute.
FAIL yuanshi/062: You have exceeded the rate limit of 100 requests per minute.
FAIL beishi/054: You have exceeded the rate limit of 100 requests per minute.
FAIL mingshi/209: You have exceeded the rate limit of 100 requests per minute.
FAIL mingshi/097: You have exceeded the rate limit of 100 requests per minute.
FAIL qingshigao/061: You have exceeded the rate limit of 100 requests per minute.
FAIL weishu/076: You have exceeded the rate limit of 100 requests per minute.
FAIL jiutangshu/187: You have exceeded the rate limit of 100 requests per minute.
FAIL qingshigao/114: You have exceeded the rate limit of 100 requests per minute.
FAIL xintangshu/221: You have exceeded the rate limit of 100 requests per minute.
FAIL weishu/114: You have exceeded the rate limit of 100 requests per minute.
FAIL qingshigao/078: You have exceeded the rate limit of 100 requests per minute.
FAIL xintangshu/225: You have exceeded the rate limit of 100 requests per minute.
FAIL beishi/055: You have exceeded the rate limit of 100 requests per minute.
FAIL songshu/067: You have exceeded the rate limit of 100 requests per minute.
FAIL xintangshu/200: You have exceeded the rate limit of 100 requests per minute.
FAIL qingshigao/065: You have exceeded the rate limit of 100 requests per minute.
FAIL mingshi/188: You have exceeded the rate limit of 100 requests per minute.
FAIL mingshi/259: You have exceeded the rate limit of 100 requests per minute.
FAIL qingshigao/197: You have exceeded the rate limit of 100 requests per minute.
FAIL songshi/233: You have exceeded the rate limit of 100 requests per minute.
FAIL yuanshi/063: You have exceeded the rate limit of 100 requests per minute.
FAIL yuanshi/060: You have exceeded the rate limit of 100 requests per minute.
FAIL qingshigao/119: You have exceeded the rate limit of 100 requests per minute.
FAIL weishu/117: You have exceeded the rate limit of 100 requests per minute.
FAIL qingshigao/511: You have exceeded the rate limit of 100 requests per minute.
FAIL yuanshi/059: You have exceeded the rate limit of 100 requests per minute.
FAIL songshi/232: You have exceeded the rate limit of 100 requests per minute.
FAIL qingshigao/062: You have exceeded the rate limit of 100 requests per minute.
FAIL qingshigao/064: You have exceeded the rate limit of 100 requests per minute.
FAIL songshi/088: You have exceeded the rate limit of 100 requests per minute.
FAIL weishu/113: You have exceeded the rate limit of 100 requests per minute.
FAIL weishu/129: You have exceeded the rate limit of 100 requests per minute.
FAIL songshi/053: You have exceeded the rate limit of 100 requests per minute.
OK qingshigao/056 bc-dc1b6908-61c9-4bc9-a822-2138edb7500a run-b922e822-9e18-4226-bdec-3dd1806b9a24
FAIL beishi/064: You have exceeded the rate limit of 100 requests per minute.
FAIL mingshi/186: You have exceeded the rate limit of 100 requests per minute.
FAIL qingshigao/098: You have exceeded the rate limit of 100 requests per minute.
FAIL songshi/051: You have exceeded the rate limit of 100 requests per minute.
FAIL qingshigao/482: You have exceeded the rate limit of 100 requests per minute.
FAIL weishu/097: You have exceeded the rate limit of 100 requests per minute.
FAIL qingshigao/115: You have exceeded the rate limit of 100 requests per minute.
FAIL weishu/103: You have exceeded the rate limit of 100 requests per minute.
FAIL songshi/054: You have exceeded the rate limit of 100 requests per minute.
FAIL qingshigao/060: You have exceeded the rate limit of 100 requests per minute.
FAIL qingshigao/073: You have exceeded the rate limit of 100 requests per minute.
FAIL qingshigao/067: You have exceeded the rate limit of 100 requests per minute.
FAIL qingshigao/103: You have exceeded the rate limit of 100 requests per minute.
FAIL songshi/050: You have exceeded the rate limit of 100 requests per minute.
FAIL songshi/132: You have exceeded the rate limit of 100 requests per minute.
FAIL qingshigao/096: You have exceeded the rate limit of 100 requests per minute.
FAIL yuanshi/058: You have exceeded the rate limit of 100 requests per minute.
FAIL qingshigao/100: You have exceeded the rate limit of 100 requests per minute.
FAIL xintangshu/222: You have exceeded the rate limit of 100 requests per minute.
FAIL qingshigao/054: You have exceeded the rate limit of 100 requests per minute.
FAIL songshi/189: You have exceeded the rate limit of 100 requests per minute.
FAIL qingshigao/480: You have exceeded the rate limit of 100 requests per minute.
FAIL qingshigao/180: You have exceeded the rate limit of 100 requests per minute.
FAIL weishu/112: You have exceeded the rate limit of 100 requests per minute.
FAIL weishu/130: You have exceeded the rate limit of 100 requests per minute.
FAIL qingshigao/484: You have exceeded the rate limit of 100 requests per minute.
FAIL qingshigao/510: You have exceeded the rate limit of 100 requests per minute.
FAIL songshi/237: You have exceeded the rate limit of 100 requests per minute.
FAIL yuanshi/061: You have exceeded the rate limit of 100 requests per minute.
FAIL mingshi/112: You have exceeded the rate limit of 100 requests per minute.
FAIL qingshigao/074: You have exceeded the rate limit of 100 requests per minute.
FAIL songshi/235: You have exceeded the rate limit of 100 requests per minute.
FAIL mingshi/258: You have exceeded the rate limit of 100 requests per minute.
FAIL songshi/220: You have exceeded the rate limit of 100 requests per minute.
FAIL mingshi/111: You have exceeded the rate limit of 100 requests per minute.
FAIL songshi/055: You have exceeded the rate limit of 100 requests per minute.
FAIL songshi/219: You have exceeded the rate limit of 100 requests per minute.
FAIL mingshi/306: You have exceeded the rate limit of 100 requests per minute.
FAIL weishu/115: You have exceeded the rate limit of 100 requests per minute.
FAIL qingshigao/526: You have exceeded the rate limit of 100 requests per minute.
FAIL mingshi/282: You have exceeded the rate limit of 100 requests per minute.
FAIL qingshigao/059: You have exceeded the rate limit of 100 requests per minute.
FAIL qingshigao/069: You have exceeded the rate limit of 100 requests per minute.
FAIL xintangshu/043: You have exceeded the rate limit of 100 requests per minute.
FAIL songshi/087: You have exceeded the rate limit of 100 requests per minute.
FAIL songshi/238: You have exceeded the rate limit of 100 requests per minute.
FAIL songshi/239: You have exceeded the rate limit of 100 requests per minute.
FAIL beishi/093: You have exceeded the rate limit of 100 requests per minute.
FAIL mingshi/180: You have exceeded the rate limit of 100 requests per minute.
FAIL mingshi/308: You have exceeded the rate limit of 100 requests per minute.
FAIL songshi/215: You have exceeded the rate limit of 100 requests per minute.
FAIL songshi/230: You have exceeded the rate limit of 100 requests per minute.
FAIL songshi/221: You have exceeded the rate limit of 100 requests per minute.
FAIL qingshigao/116: You have exceeded the rate limit of 100 requests per minute.
FAIL qingshigao/475: You have exceeded the rate limit of 100 requests per minute.
FAIL beishi/083: You have exceeded the rate limit of 100 requests per minute.
FAIL qingshigao/118: You have exceeded the rate limit of 100 requests per minute.
FAIL qingshigao/508: You have exceeded the rate limit of 100 requests per minute.
FAIL qingshigao/201: You have exceeded the rate limit of 100 requests per minute.
FAIL songshi/169: You have exceeded the rate limit of 100 requests per minute.
FAIL beishi/092: You have exceeded the rate limit of 100 requests per minute.
FAIL qingshigao/210: You have exceeded the rate limit of 100 requests per minute.
FAIL qingshigao/214: You have exceeded the rate limit of 100 requests per minute.
FAIL songshi/218: You have exceeded the rate limit of 100 requests per minute.
FAIL songshi/225: You have exceeded the rate limit of 100 requests per minute.
FAIL songshi/228: You have exceeded the rate limit of 100 requests per minute.
FAIL qingshigao/509: You have exceeded the rate limit of 100 requests per minute.
FAIL qingshigao/117: You have exceeded the rate limit of 100 requests per minute.
FAIL songshi/229: You have exceeded the rate limit of 100 requests per minute.
FAIL songshi/236: You have exceeded the rate limit of 100 requests per minute.
FAIL xintangshu/224: You have exceeded the rate limit of 100 requests per minute.
FAIL weishu/116: You have exceeded the rate limit of 100 requests per minute.
FAIL qingshigao/063: You have exceeded the rate limit of 100 requests per minute.
FAIL qingshigao/077: You have exceeded the rate limit of 100 requests per minute.
FAIL beishi/043: You have exceeded the rate limit of 100 requests per minute.
FAIL yuanshi/052: You have exceeded the rate limit of 100 requests per minute.
FAIL songshi/231: You have exceeded the rate limit of 100 requests per minute.
FAIL songshi/226: You have exceeded the rate limit of 100 requests per minute.
FAIL songshi/224: You have exceeded the rate limit of 100 requests per minute.
FAIL songshi/216: You have exceeded the rate limit of 100 requests per minute.
FAIL songshi/227: You have exceeded the rate limit of 100 requests per minute.
FAIL songshi/217: You have exceeded the rate limit of 100 requests per minute.
FAIL qingshigao/099: You have exceeded the rate limit of 100 requests per minute.
FAIL qingshigao/209: You have exceeded the rate limit of 100 requests per minute.
FAIL songshi/234: You have exceeded the rate limit of 100 requests per minute.
FAIL songshi/137: You have exceeded the rate limit of 100 requests per minute.
FAIL qingshigao/058: You have exceeded the rate limit of 100 requests per minute.
FAIL qingshigao/486: You have exceeded the rate limit of 100 requests per minute.
FAIL songshi/222: You have exceeded the rate limit of 100 requests per minute.
FAIL qingshigao/147: You have exceeded the rate limit of 100 requests per minute.
FAIL xintangshu/048: You have exceeded the rate limit of 100 requests per minute.
FAIL qingshigao/145: You have exceeded the rate limit of 100 requests per minute.
FAIL xintangshu/040: You have exceeded the rate limit of 100 requests per minute.
FAIL qingshigao/148: You have exceeded the rate limit of 100 requests per minute.
FAIL qingshigao/146: You have exceeded the rate limit of 100 requests per minute.
FAIL songshi/052: You have exceeded the rate limit of 100 requests per minute.
FAIL songshi/241: You have exceeded the rate limit of 100 requests per minute.
FAIL songshi/089: You have exceeded the rate limit of 100 requests per minute.
FAIL qingshigao/076: You have exceeded the rate limit of 100 requests per minute.
FAIL beishi/089: You have exceeded the rate limit of 100 requests per minute.
FAIL qingshigao/481: You have exceeded the rate limit of 100 requests per minute.
FAIL songshi/223: You have exceeded the rate limit of 100 requests per minute.
FAIL xintangshu/049: You have exceeded the rate limit of 100 requests per minute.
FAIL songshi/202: You have exceeded the rate limit of 100 requests per minute.
FAIL weishu/101: You have exceeded the rate limit of 100 requests per minute.
FAIL qingshigao/126: You have exceeded the rate limit of 100 requests per minute.
FAIL qingshigao/075: You have exceeded the rate limit of 100 requests per minute.
FAIL songshi/134: You have exceeded the rate limit of 100 requests per minute.
FAIL qingshigao/070: You have exceeded the rate limit of 100 requests per minute.
FAIL qingshigao/068: You have exceeded the rate limit of 100 requests per minute.
FAIL mingshi/099: You have exceeded the rate limit of 100 requests per minute.
FAIL qingshigao/072: You have exceeded the rate limit of 100 requests per minute.
FAIL qingshigao/061: You have exceeded the rate limit of 100 requests per minute.
FAIL mingshi/097: You have exceeded the rate limit of 100 requests per minute.
FAIL jiutangshu/187: You have exceeded the rate limit of 100 requests per minute.
FAIL xintangshu/221: You have exceeded the rate limit of 100 requests per minute.
FAIL qingshigao/114: You have exceeded the rate limit of 100 requests per minute.
FAIL qingshigao/078: You have exceeded the rate limit of 100 requests per minute.
FAIL xintangshu/225: You have exceeded the rate limit of 100 requests per minute.
FAIL songshu/067: You have exceeded the rate limit of 100 requests per minute.
FAIL qingshigao/065: You have exceeded the rate limit of 100 requests per minute.
FAIL qingshigao/197: You have exceeded the rate limit of 100 requests per minute.
FAIL qingshigao/119: You have exceeded the rate limit of 100 requests per minute.
FAIL weishu/117: You have exceeded the rate limit of 100 requests per minute.
FAIL yuanshi/063: You have exceeded the rate limit of 100 requests per minute.
FAIL qingshigao/511: You have exceeded the rate limit of 100 requests per minute.
FAIL songshi/232: You have exceeded the rate limit of 100 requests per minute.
FAIL qingshigao/062: You have exceeded the rate limit of 100 requests per minute.
FAIL songshi/088: You have exceeded the rate limit of 100 requests per minute.
FAIL songshi/053: You have exceeded the rate limit of 100 requests per minute.
FAIL qingshigao/098: You have exceeded the rate limit of 100 requests per minute.
FAIL qingshigao/482: You have exceeded the rate limit of 100 requests per minute.
FAIL songshi/051: You have exceeded the rate limit of 100 requests per minute.
FAIL songshi/054: You have exceeded the rate limit of 100 requests per minute.
FAIL qingshigao/115: You have exceeded the rate limit of 100 requests per minute.
FAIL qingshigao/060: You have exceeded the rate limit of 100 requests per minute.
FAIL qingshigao/073: You have exceeded the rate limit of 100 requests per minute.
FAIL songshi/050: You have exceeded the rate limit of 100 requests per minute.
FAIL qingshigao/096: You have exceeded the rate limit of 100 requests per minute.
FAIL xintangshu/222: You have exceeded the rate limit of 100 requests per minute.
FAIL qingshigao/074: You have exceeded the rate limit of 100 requests per minute.
FAIL yuanshi/058: You have exceeded the rate limit of 100 requests per minute.
FAIL qingshigao/100: You have exceeded the rate limit of 100 requests per minute.
FAIL qingshigao/484: You have exceeded the rate limit of 100 requests per minute.
FAIL qingshigao/480: You have exceeded the rate limit of 100 requests per minute.
FAIL mingshi/111: You have exceeded the rate limit of 100 requests per minute.
FAIL songshi/055: You have exceeded the rate limit of 100 requests per minute.
FAIL songshi/220: You have exceeded the rate limit of 100 requests per minute.
FAIL mingshi/112: You have exceeded the rate limit of 100 requests per minute.
FAIL weishu/115: You have exceeded the rate limit of 100 requests per minute.
FAIL qingshigao/069: You have exceeded the rate limit of 100 requests per minute.
FAIL xintangshu/043: You have exceeded the rate limit of 100 requests per minute.
FAIL songshi/238: You have exceeded the rate limit of 100 requests per minute.
FAIL songshi/239: You have exceeded the rate limit of 100 requests per minute.
FAIL qingshigao/054: You have exceeded the rate limit of 100 requests per minute.
FAIL songshi/230: You have exceeded the rate limit of 100 requests per minute.
FAIL songshi/237: You have exceeded the rate limit of 100 requests per minute.
FAIL songshi/222: You have exceeded the rate limit of 100 requests per minute.
FAIL songshi/221: You have exceeded the rate limit of 100 requests per minute.
FAIL songshi/215: You have exceeded the rate limit of 100 requests per minute.
FAIL qingshigao/475: You have exceeded the rate limit of 100 requests per minute.
FAIL songshi/219: You have exceeded the rate limit of 100 requests per minute.
FAIL songshi/225: You have exceeded the rate limit of 100 requests per minute.
FAIL qingshigao/201: You have exceeded the rate limit of 100 requests per minute.
FAIL songshi/228: You have exceeded the rate limit of 100 requests per minute.
FAIL songshi/216: You have exceeded the rate limit of 100 requests per minute.
FAIL songshi/236: You have exceeded the rate limit of 100 requests per minute.
FAIL songshi/229: You have exceeded the rate limit of 100 requests per minute.
FAIL qingshigao/117: You have exceeded the rate limit of 100 requests per minute.
FAIL weishu/116: You have exceeded the rate limit of 100 requests per minute.
FAIL songshi/231: You have exceeded the rate limit of 100 requests per minute.
FAIL songshi/226: You have exceeded the rate limit of 100 requests per minute.
FAIL qingshigao/145: You have exceeded the rate limit of 100 requests per minute.
FAIL songshi/227: You have exceeded the rate limit of 100 requests per minute.
FAIL songshi/224: You have exceeded the rate limit of 100 requests per minute.
FAIL songshi/217: You have exceeded the rate limit of 100 requests per minute.
FAIL songshi/234: You have exceeded the rate limit of 100 requests per minute.
FAIL qingshigao/147: You have exceeded the rate limit of 100 requests per minute.
FAIL qingshigao/148: You have exceeded the rate limit of 100 requests per minute.
FAIL qingshigao/146: You have exceeded the rate limit of 100 requests per minute.
FAIL songshi/218: You have exceeded the rate limit of 100 requests per minute.

Done: 164 ok, 257 failed (remote agents keep running)
OK songshi/328 bc-fd1fa0f9-aca9-4597-afde-868b6b66ca0f run-f22cf586-4206-46ca-b653-2cb819330ba3

Done: 40 ok, 258 failed (remote agents keep running)
Skipping 191 already logged OK; pending 256
Chapters: 256  concurrency: 1  log: /Users/garrettpetersen/records-of-the-grand-historian/data/batch-tail-cloud-launches.log
OK mingshi/260 bc-33d260a4-0958-4b1d-b1c0-d77547e88ffe run-39337dd1-dafb-43cb-923e-cf6511d3eb4b
OK qingshigao/234 bc-06d2bacb-bba6-4f08-995b-3db3506b52b3 run-f311b9be-ace9-454a-8244-ee7932a0a20e
OK songshi/090 bc-ab25fb89-c486-49e4-b8ce-f65561825b49 run-67aeb12b-b15b-4bf3-9f13-1b1fcf87aa43
OK mingshi/307 bc-7793bca0-88f1-4c56-9fe0-20e9d0631d1a run-5241135e-6b3a-48c4-9a95-62e119147ee5
OK nanshi/080 bc-eab18746-3e1d-4ba3-9f4e-e5bf9a0b469f run-da11309a-1943-4b8d-a896-918aad3bdbdc
OK mingshi/109 bc-669ed160-d954-42be-af9b-0aafa402e241 run-0579041c-cbb7-4b7f-8875-e5cfe5c32b58
OK mingshi/251 bc-9ebf8dc8-6652-4a84-b996-a0d34d047edb run-d1ad073f-94ee-47ea-ac06-51fd54461c90
OK qingshigao/324 bc-84f06cd4-7c53-4606-a912-ad11928d7fd5 run-64cf06a9-8a96-44e4-bf4e-c0124b7442e3
OK songshi/434 bc-c6eb26ab-fa8e-4434-993a-78d2c56cb404 run-140dc709-6e13-4284-9b16-480757df38be
OK qingshigao/095 bc-f268fecb-c95c-45c5-a679-e95f081df9d6 run-875c8536-a87a-447d-875f-d6bcf92d03e9
OK qingshigao/489 bc-a7c44b0f-9dd5-44db-9641-80f92593e7a4 run-917a6723-2d96-4e48-b089-715701e9d32a
OK mingshi/200 bc-8ca624a8-09b9-42f5-8e1a-1ca8cb7f6b25 run-eec3ac1c-2273-4edb-bdf8-e837a4ab8de5
OK songshi/277 bc-77b787a9-13ce-4618-9e46-96f057a1d9e7 run-31829716-1990-44d5-9a7f-9cfcacdfa07e
OK xintangshu/163 bc-996566fb-0228-4210-8e04-81f34d997870 run-28cf040f-bcd0-4057-b3c9-c16505bf040b
OK beishi/061 bc-3cfb39f0-5e0f-435f-87b8-ac95bab4b27a run-dd37973f-5fa4-4613-a430-3f2001fbd067
OK mingshi/315 bc-995b9a11-0c14-4397-a451-ebf3d0c86082 run-bcf34229-c0b6-41b2-a823-e9bac38cc69c
OK songshi/121 bc-545f6ff3-db0c-4486-86c4-21418ebd720f run-f8eb1770-e2ca-4944-bd4b-2c3281a12605
OK mingshi/220 bc-e1a9623c-0b8c-43b8-90b6-4bf1b5d390de run-7560e8be-ca65-433a-bd3a-7af6c89ce497
OK weishu/128 bc-9f89734b-0f38-4362-8fb4-3c47a03a8745 run-c7b85f7e-2bec-48f7-82b1-a919648eedc0
OK beishi/049 bc-008f7ec0-21e3-4baa-83cc-f40115045b2f run-ec34da8d-b2e5-4d58-add8-159c017db389
OK beishi/063 bc-f3378aa6-c7b2-458a-b462-bdd1eabcb230 run-ac3cf621-1dcb-4edf-9c9e-fce4ac2e47e7
OK mingshi/196 bc-e0a3d9d3-4b1a-44f0-8541-16dece2814ae run-924400ba-1e64-4ee2-8159-d9945b11da88
OK mingshi/206 bc-660f3c44-3ed0-4656-bb0c-500535ca0cea run-2886979e-74f5-40bf-b250-5162b6faf80c
OK weishu/118 bc-1960549b-9381-417b-a568-aaab576a0cb8 run-530926bd-ae62-4620-be44-d0198ad5964a
OK xintangshu/217 bc-6244a679-4782-4346-b600-2c3651defc9d run-af57880c-ffca-4ccd-8efa-f8e0a57f0276
OK mingshi/255 bc-88e002b5-e758-4b39-bcd3-19f7657dbab5 run-d53b2ec7-3c90-4e38-8754-415ee66ba45d
OK mingshi/294 bc-ac331b16-1732-47c0-a74f-d715a2d3f2db run-d811b594-0480-4551-9ec7-90a6936f2d70
OK weishu/077 bc-36f6664b-ba70-4772-aa3d-4bd8f535f25e run-aff30d80-c9c6-46d5-a7ab-6e84095ef65d
OK yuanshi/069 bc-7baabcd4-5a0b-41b4-a16c-16194bfe48a0 run-d4966808-d736-494e-93e9-38b30687fca9
OK weishu/123 bc-843af028-7d92-434d-bb2a-67ad93375c84 run-75310d4f-6a6e-473f-a953-2e92266b77eb
OK xintangshu/083 bc-d4021098-6161-4cdd-9b29-790013de1d6e run-604ef9e7-89d2-4e0f-a2d5-e431a990e483
OK qingshigao/485 bc-1989a639-9c71-4974-86b7-a10fcfe92454 run-18efc6db-5e83-405e-bbe9-ca4cfae0b87f
OK mingshi/304 bc-fd1e4a3a-ebae-45e3-afb2-42ba219344d9 run-479a1c04-5271-4ae1-95c2-00804cb54bd1
OK qingshigao/498 bc-6e375a3d-3802-4460-9801-35d007dc47cb run-37a60eb7-ffef-4b40-a5a4-85e20ed15448
OK xintangshu/118 bc-2e52f005-9f7f-48ae-80d0-ff92d0f6023f run-285ebbcc-b08d-4b8a-9b60-abba824314a2
OK mingshi/194 bc-b1d7f07c-497d-4f29-adea-05c0e3507e7f run-11ca41b2-c5fd-4a9b-bf33-9d51acf9d1ff
OK mingshi/172 bc-c24f858a-368f-4632-ba32-bb6427afc2de run-45ce4924-ed42-4919-8d8a-5470b030d980
OK qingshigao/478 bc-b1a9acc8-e6a3-4470-af12-d70f2119d3f9 run-a7474edd-2f14-4837-9371-e8d29c17e909
OK songshi/138 bc-b588e512-e393-4851-9a06-94df379ebb96 run-9dba071c-5db2-46f3-84e0-ba587b0ce962
OK songshi/163 bc-4a0c3192-b53a-4f5a-b9bf-5bc5e6444932 run-0a58516d-7aea-47e3-a773-9820acdbbf46
OK songshi/172 bc-913bdbb5-785e-477d-8d2b-c76db0d0a2fe run-49709b83-76fc-426d-847a-ccc7d183c51a
OK weishu/053 bc-1449dd79-de5c-4150-aee2-c2fe6d87e713 run-e45d401d-7d2c-4ede-8920-4d9c622a9187
OK beishi/097 bc-22cd92f5-dad6-4fe5-9b51-3cae3abb230b run-55ee204b-cb05-4e2d-993b-31a25e93d361
OK mingshi/208 bc-7c5d6c28-0a08-4e5d-8f20-6d37f0ecf87b run-3aac12f2-c09e-4afc-ba64-d0ff06bed6f2
OK qingshigao/213 bc-cce14392-1e74-4fde-8a5f-76df3e4c5281 run-1b8bcde6-294e-4f42-9480-d4536f6c138b
OK beishi/082 bc-354166b5-6696-411b-afe2-36b243a8a331 run-ccc893b5-9411-423c-a073-cdf7f0336b0d
OK xintangshu/042 bc-4614c1c2-b349-4d75-b5a4-76deb798cfeb run-ef0a67ad-026a-4f1b-b6e0-7ed249eb02ee
OK mingshi/202 bc-61d5cafe-af62-470f-be58-c409ccaf903c run-bef8cfc0-f432-4de2-9ba4-53016486d219
OK xintangshu/037 bc-70923abb-55a5-4aef-88b8-1eb64e68852e run-2de6800d-3ae6-4b09-8744-ad7559e06403
OK mingshi/212 bc-952c87ee-5f5f-4272-aca7-c19275632441 run-f21fd7c1-bbdc-4cf4-b080-0b22c25fa15c
OK qingshigao/215 bc-62904eff-7d8b-4810-b2b9-b6a955771bb5 run-43f4b9a2-bc9a-44a6-bdd6-4fab55d27dc6
OK qingshigao/507 bc-17bc0d36-64e0-4698-9e46-89859c6b9f2e run-215a29dc-029c-47b4-b2eb-592e7e22d150
OK mingshi/222 bc-366f6e3b-d829-48dc-bec1-286ddb341e7f run-03143fd4-16ce-4542-87f9-579a86f49524
OK qingshigao/162 bc-daaa477e-ccae-4c10-b284-92d59bd31ccc run-9142bd42-1b17-4fe6-96ca-c25df056cd45
OK songshi/049 bc-b7b7c156-ed5c-4d1c-ba63-5b4ed36f5169 run-fb6e973f-f81a-42d4-b016-8f239d8d43d7
OK qingshigao/479 bc-ef9dd3cb-374a-4750-ba41-d655c1c19e9c run-ea8c7642-ed4a-48fd-9bdf-1c2d9d31ba62
OK qingshigao/513 bc-78201731-68b9-47bd-bfa9-0fcf3aa80d0c run-0cc0b43b-b1d0-4056-b781-99a9bbba8b01
OK qingshigao/121 bc-fe831766-062a-4cb0-904d-acdf23dea916 run-245f0293-9763-4259-b829-c5d036213208
OK songshi/173 bc-89c82f58-6c92-4f7e-8a24-21d11f9e3201 run-ae485db0-ad06-4f78-9671-3d6df88d3842
OK yuanshi/096 bc-25ba0a15-41b8-4add-9665-3602f6a74f18 run-c075c8ed-6854-40df-b9e8-6661ad3e5e54
OK beishi/100 bc-4947de87-ee08-42bf-b14c-ac4415891002 run-1495039a-a0f3-4fd6-bfdd-7019624905d4
OK songshi/086 bc-aee50068-39ac-4a21-b9d8-377ad18764df run-63240e7e-7fcd-4ea9-94ee-df54f17d77a2
OK beishi/094 bc-a0f7f8ad-7e1d-4ca1-939b-1bdcd2cb98f6 run-c47c36bb-68db-4dc6-b2b1-d0edf806d8af
OK mingshi/198 bc-a6a65a47-ed1a-42f0-bfaa-fc149927ec4c run-8866e914-7bde-44a2-b9c6-fe3aef316705
OK yuanshi/085 bc-e32329cd-4f10-46fc-b2df-da62a5ac1ddf run-73174092-7f00-49c1-8640-ab221f0fc66c
OK qingshigao/506 bc-709eee04-5550-406c-8ba9-78b58df46abe run-6f512e6c-1254-4088-83a1-5e2863ded84e
OK songshi/171 bc-bafa3d88-1fa7-40ff-a999-4d05c8646d54 run-8271e937-d4df-43bf-ad22-f5691ad6a240
OK mingshi/098 bc-52ad41c9-ffa0-4dc9-99ec-6ab2f748d935 run-925f6893-fe02-45ae-a4f6-d07e4417f6e5
OK qingshigao/135 bc-2882f633-a52e-45c4-ade1-fd6ac6515361 run-596a29d4-773c-4211-82f7-29a81c167951
OK beishi/071 bc-b0615302-219f-4c09-af68-d1b2c9a74c69 run-17166514-4b6c-4d52-af60-e6608a0832c1
OK qingshigao/493 bc-e604adcb-c163-408d-a141-393bf49bad1e run-ee10eed6-6fdb-424e-b20f-fdd576f1c4ad
OK qingshigao/123 bc-da6b262b-9774-460f-b24b-7e0ee518b227 run-d6899b7a-1132-41d6-91a6-bfe7f34b4d20
OK xintangshu/057 bc-24503587-973e-4036-a67f-6af4c323493a run-807329cf-630d-481a-b700-41c0967dec3a
OK qingshigao/211 bc-da3c6e64-95a6-4f60-9872-37b56646693c run-c679e2b6-9143-4a15-88c8-a174f0c53fe1
OK beishi/070 bc-0d796dd4-fec1-4d32-9cd8-3681cf395aef run-562cd10e-e024-4004-b419-6028ed4aa983
OK xintangshu/216 bc-89d33eb4-cb81-42cb-8f59-a3369134c322 run-6ab6caf8-0fff-4762-a6a4-1ec2bffc4b7a
OK mingshi/281 bc-cd604b42-7e3a-4480-9f4b-b02947c845e9 run-59b60759-440b-4a79-abad-434afee3ca57
OK weishu/082 bc-a82ceccf-7cda-4737-a9fc-1b8ff9cb9c48 run-f11c9563-5dff-4ecc-a0f4-999a161357c4
OK xintangshu/215 bc-51d3f8ac-41f8-4005-838e-680c46495376 run-d5a5a7bd-ba1c-400a-8770-e176c6a16560
OK qingshigao/477 bc-833bbaba-d076-4460-acee-e18784f702d1 run-8b234e7e-c99f-4de0-ba73-297775192e5d
OK qingshigao/125 bc-f3d25c3d-3ed2-47af-8bd2-4a38302eb3ff run-7fcec105-a005-49d7-823e-8f721d3217df
OK qingshigao/525 bc-e00e725b-ac58-4d6a-b8c0-6c4af33bc488 run-e236eec3-5b1c-43ec-ab9c-4f585e7b56d5
OK beishi/045 bc-9a323d14-95e4-4cb2-9324-0222dc9b4df9 run-8171b00c-ad7d-4dfd-b87e-4657f48db5b3
OK beishi/047 bc-c2eaf0c7-43dc-4d4b-8880-aeaf03f195c1 run-48ea2b0c-c592-491c-8ccb-45022a337d3a
OK qingshigao/528 bc-2b9ca67f-39fd-4094-8c8c-ce968766e09a run-ac1aa63f-acfc-40f2-b9df-87dd28022a93
OK qingshigao/154 bc-18c09f2e-434f-40b2-8e9c-4543c31739cd run-d2cd5d99-91c7-401f-b7fa-94d64ab2d673
OK qingshigao/227 bc-7d1dca04-673f-480d-85f8-27dfdae9f7d8 run-062f7c69-6579-4c40-8070-ab9191d8d489
OK songshi/133 bc-55412690-d755-41c9-9229-e673866b8a14 run-af594250-1dfd-4715-979f-7fc37672f264
OK jiutangshu/194 bc-4547cab5-1a3f-4dd7-929f-8fe43f47cb41 run-a9e8788e-f7b6-4448-945a-6afed98bbf3e
OK qingshigao/308 bc-795c3743-1266-4dbb-b6b0-2c57199677ec run-26df3e99-6bd6-4660-aef1-1c24c29f2a54
OK qingshigao/171 bc-a9e1f887-ec1c-45aa-8f60-f754684dd635 run-c443fa0b-d476-4b97-9bb1-4ce95cab5f71
OK beishi/081 bc-6e0c976d-6fe8-440a-b02d-02732df96ed8 run-90e3c7b0-7ede-4001-b2a3-b8f93eb5560c
OK qingshigao/521 bc-7f0cb510-00cd-4bed-8e23-7a80dc0f214d run-993ec766-8b9d-4f96-92c4-cfdfd0e10ceb
OK jiutangshu/199 bc-c3b5034c-72f3-4535-885a-a085e1ef2314 run-409fa663-d251-4ba8-b1c2-87613cab8339
OK mingshi/096 bc-cddf3e27-e568-46ab-bc7d-7e0d3f21c622 run-aed7013f-73af-4ec6-87f8-cc3e7ff6cf62
OK mingshi/283 bc-3e65880e-b619-4e67-9b40-9da9e7d9c8dc run-4406dc6e-ba96-4547-a349-7d754b3b96d6
OK qingshigao/490 bc-7fd3b575-1216-43cb-8cc6-3fd691ad51d2 run-ca036b1a-29fb-4b47-8a5f-4498c54597a3
OK songshi/085 bc-f7ab4bce-a291-4c05-baca-e83279a19f41 run-a902b4fb-df91-4bd9-bb86-bd0ecf95fe57
OK qingshigao/216 bc-628bd61c-e8e6-475f-8078-78f67f05a039 run-e6b5b8e3-480d-4cac-a507-dabf55873323
OK songshu/095 bc-40d7bc2f-8c5c-474f-a402-2e3cba43e2db run-0af44455-b2e1-43c8-be3e-94168f4c0292
OK xintangshu/038 bc-07ffb90a-d7fc-48c0-9570-d14c51f89278 run-d77c8dc8-f019-476b-935a-676435483915
OK mingshi/216 bc-95b6f839-19a5-4db5-b9a5-f1993e582257 run-d86bd72c-3f9a-408a-8f8f-bc083f3f7665
OK beishi/053 bc-d53078c8-b348-487b-bd5c-7089efebe86e run-a567c01d-9166-40f2-96be-56f80459fab4
OK yuanshi/070 bc-32b6a023-8a49-46b4-a66c-3c07055b5819 run-9a238162-d677-4c22-a052-2555ea6890b9
OK qingshigao/055 bc-16c4ad8d-1bf8-4c20-9f0b-73f2be18911d run-74190cf6-6e12-4e32-a44d-d7ce89a685c6
OK songshi/139 bc-4c07b803-d5c0-497e-8245-7aa1047b7c00 run-a8f9115f-b6e3-4cbd-a3ab-cf714d4c69de
OK qingshigao/097 bc-cbf31900-8b67-46c9-981b-180278bf7b01 run-0be98f25-3350-447c-912d-03721d87a017
OK qingshigao/066 bc-015ec5cb-6142-4222-aead-1e9a408f4747 run-beaac725-f9f7-4913-aba6-83291b745ff8
OK qingshigao/496 bc-4d3400ec-4f14-4d21-ac28-52f24d41c171 run-97982fc9-1118-4512-bce5-bf4877f4ae16
OK qingshigao/184 bc-027ef4d8-22d6-4ac7-8cc3-127bdba5d002 run-24c33980-1f44-47aa-8bf8-422e532c6a64
OK qingshigao/476 bc-f4aecb45-4c0a-4936-8e0b-b967699a639d run-92b1450b-57a8-4de9-bbb1-8b051e5949cf
OK yuanshi/062 bc-813e73d8-0998-4602-9118-b7322737d512 run-8a384164-f8f9-4185-958a-623452611d0e
OK beishi/054 bc-8766391f-d97e-45df-ae01-9b9473681aad run-41748e1b-7c0f-4262-b2f2-f17ce077387f
OK mingshi/209 bc-7be41874-a7ae-42e5-b37c-407e4873895a run-1dbacec1-02b8-4c29-88cd-6eb862054291
OK weishu/076 bc-2f5a96e2-5ceb-4246-a358-ee934e2d3525 run-21e7fc9a-0fe9-453c-b994-111cfc21d6d8
OK weishu/114 bc-2251104e-14ac-492f-a379-b5dfa96714fd run-291133c1-497a-46e2-bad4-1b2c637169c6
OK beishi/055 bc-95eecd15-61aa-4742-a531-66cd3778aca7 run-68a82ef9-1568-4ce5-b6c9-f606291db5f8
OK xintangshu/200 bc-7512c27b-4455-4314-b560-93fd01838325 run-007b65f7-c488-4aa8-aef2-373707e7836f
OK mingshi/188 bc-563b1071-2a5f-452c-8a52-b678b533b88a run-3314bf97-7dc7-47eb-800f-563a4028675a
OK mingshi/259 bc-e9e01ff5-bf2a-4aeb-b5b4-0854e987bba2 run-cf55210b-7f66-4531-a111-d314b3abff4b
OK yuanshi/060 bc-896cad7f-eb37-41ff-a963-3e0acdbefcfe run-74321f1c-1c5a-49a8-85ce-2d59fa2beb21
OK songshi/233 bc-13031040-b306-48b9-982e-1536ce3c9fd8 run-72acb263-6315-4ee0-a134-eb5c110fbb28
OK yuanshi/059 bc-691b512c-fd66-4e00-af81-bfd86963a196 run-878fb852-e5ca-4cee-bc92-d35ceaedd5a0
OK qingshigao/064 bc-f1f84b5d-9c85-4a51-928e-260467310521 run-3d7eed8b-60b4-46ae-90e7-50f6e3bc27cb
OK weishu/113 bc-b927cd07-25da-497c-a615-8ce18b33cce6 run-fa0be14b-18d4-4134-ad76-86688b66e91e
OK weishu/129 bc-3c862270-1009-484e-bdd0-1f5742ac23ea run-790e476a-f0db-4af7-9a72-e0e708914c6c
OK beishi/064 bc-a1f06644-e6c9-45c2-adec-aa5ca41f34ae run-a432796f-82a4-41f7-9f28-1ac6147f3a53
OK mingshi/186 bc-68ee69f0-3c97-4108-80c9-f3bf32d1e118 run-bfed06c6-bb3f-4e5f-808e-5f335a703eb0
OK weishu/097 bc-0a6a2c7f-43a2-4b43-b418-8e360fa93078 run-41014278-53ff-47be-965b-47e7392b2671
OK weishu/103 bc-e0e2b8ea-e5b2-434e-a9bb-03bd35841707 run-740e87d4-f99d-4808-9a8d-c7ee7f46b432
OK qingshigao/067 bc-fd69e87c-b5b4-4337-99ea-532e2edc22e0 run-75e46273-be54-410e-afab-f0a579ed01b6
OK songshi/132 bc-64a626a3-4f57-4652-b57e-5d5e6549a8ab run-d78ad331-7b44-4961-99de-beb6a72dd9c4
OK qingshigao/103 bc-3cbf27e3-2f60-45e4-b7c2-2aa49422e86f run-da80d932-d9ba-42c1-8edd-9e6871b8db5e
OK songshi/189 bc-e17f5e97-11a7-4ae7-8be6-cddecb217876 run-16f05c63-6c03-4dfb-9f03-52f8305c873e
OK weishu/112 bc-48bb9a8e-692e-4c42-aeb3-d85a78f19197 run-c7a96ec5-3b34-4556-ba7d-e250cbc35122
OK qingshigao/180 bc-a2e59f6c-bf0d-4524-83f0-cf3186511848 run-f6f3bc86-75f9-4e57-8c4e-6691cde1db32
OK mingshi/258 bc-941dcacb-f85f-4257-a98d-983bd3560843 run-26ff4d1d-06a9-42e2-96a2-3dc567ed0802
OK songshi/235 bc-a5313969-7617-4969-b4d7-c0e696a6d18e run-3819f980-65a2-400d-a64a-623f7d3b3fda
OK weishu/130 bc-b70011ad-597c-4bb8-8992-7b39a1b0ee5b run-d133cb6a-86c5-43b1-bb56-ac592582a62e
OK qingshigao/510 bc-060b838d-9ff7-498c-9773-cad80d0fb96d run-8cdd767c-89df-498d-9f19-72c6ed2a87a6
OK yuanshi/061 bc-cfd74bc2-6201-43fb-97dd-14cf3ab5191b run-59efdbc7-f9bd-4b3a-a7bf-0d8da631f59e
OK mingshi/306 bc-2a5b3627-6132-4b83-b282-a03d4b1c9dc0 run-04645c6a-4e40-4d55-bf7d-f5a5da63e2f6
OK mingshi/282 bc-e7f4f249-7972-4145-a5fb-372ed6fd096b run-6947347a-808f-4fe3-a206-7813dabd143d
OK qingshigao/526 bc-0c7dde0b-61cc-4c5e-8652-03038d1fa0c0 run-8702ec43-fe94-4635-ad28-38df2bc4dbe3
OK qingshigao/059 bc-fb58a844-6f7a-4fc4-8040-77fdd203cf0c run-da0c1c35-7bdd-420d-b96a-e9013a023027
OK songshi/087 bc-7ceac9ec-b489-452a-a385-cada75e87fac run-43cfd913-b294-44c4-b20f-a3f3cf250ab5
OK beishi/093 bc-ccc42387-f131-4081-9942-de9e47bd0e77 run-32fea11b-aad5-4ac3-b637-03b4fe59504e
OK mingshi/180 bc-6dd8338a-4ade-4491-bd9e-a45cb14c4d00 run-994c0cb2-c6bc-4e8d-a7c8-d67c8186cc56
OK mingshi/308 bc-d2d77ea9-f115-4096-a098-2fb7c07975a0 run-925b4d2c-b958-46c4-a839-14e77b6d163c
OK qingshigao/508 bc-754507f4-7ff1-4447-9355-6dbd41fa0fd6 run-9404f9e6-ee28-4238-80b3-014b7182f17d
OK qingshigao/116 bc-df58dde9-88cc-4ea6-b908-fa12dbe9ba42 run-f3f7ab06-7a09-4952-8a05-3a7ad7d013b0
OK beishi/083 bc-443d2ecd-b397-4fb2-8f18-0094c421e51a run-ed521cb8-4661-4d23-b77e-33207c01009a
OK qingshigao/118 bc-4b1318d1-dc1a-4109-bd39-693f6bcd135c run-697918cd-0e92-4def-9652-fcbba5fe4743
OK beishi/092 bc-1ebaec35-407c-40d1-9e1d-90cb52f1e65b run-2318e0ca-b5d5-4582-a60c-fef1bf31ea30
OK qingshigao/210 bc-02f7470c-60d4-40b7-a256-d0df3a734458 run-2a34ade5-7064-4e6a-a638-a057ba863920
OK qingshigao/214 bc-f0780c86-eb0c-4527-a3e5-dd6301b6dc42 run-82d2c071-cb55-4939-988d-20c850de1f86
OK songshi/169 bc-38935c86-58fa-4b2b-96fd-bffb9abf102a run-5fb70337-1797-47e3-97c4-d0a0d2f7c1ac
OK qingshigao/509 bc-05a82a01-75b6-48b5-88b9-d66d4a841437 run-986f49d0-8703-4134-9ed0-bf87d6d34c16
OK xintangshu/048 bc-eb678b3a-2ec3-4824-863b-1e94eaa22566 run-053d60d0-74ec-444b-a35e-6aed9f9dda8d
OK xintangshu/224 bc-9c419612-3d46-42b3-8f6e-951b1896e947 run-56c83fa2-20c2-46f0-acf4-a9d0640932e4
OK qingshigao/486 bc-ad2a04b5-e577-4d05-9814-cff67b152d12 run-9e222b8a-cb61-4a1e-9780-7100baf565aa
OK qingshigao/077 bc-d7a7d266-82a4-4498-924a-ba066fb20dac run-5acd40ea-5ecc-46c1-b22d-56691d355423
OK qingshigao/063 bc-def3a2a7-ff47-4b9b-86a8-cf8a5afdec5b run-1e4a1ef5-4247-44c5-9062-ada9635af747
OK beishi/043 bc-d8156288-c9c8-476e-8ec2-136ab867e2df run-31f1d42d-f2b3-4598-96ce-1b9a8b3b0e82
OK yuanshi/052 bc-f93f0769-47e0-4225-a073-5ef06a2bc61c run-4de669cc-b26f-4aaf-ae00-a595382d1a48
OK xintangshu/049 bc-38603361-04ef-4dbf-88cf-69a160bcb4cc run-d5f0419a-5cec-43de-8d07-bb201bc1ade4
OK qingshigao/099 bc-3a608017-dbac-434e-9d33-5a8bb2ec1dde run-28d0ef0c-7c9a-46ef-8519-a73a4d24029e
OK qingshigao/209 bc-b2be9419-b537-4146-b44a-1f2986032ff2 run-668d3c13-3e57-4838-b6c5-73155731aaf0
OK songshi/137 bc-8b3bdcc0-b1aa-4fab-8fca-a3c4ac4d75c0 run-5554bd9d-2763-44c4-96b7-5cf491c41584
OK qingshigao/058 bc-9986aedc-be1d-4910-8cce-785c1168f300 run-aa0a635e-ca34-498f-a316-f98e451e5186
OK xintangshu/040 bc-76ea4bf6-52d4-4f0c-b8df-c7a4dc90a453 run-7c4a71e8-42fb-4fd7-ad74-2b15d0d8dca5
OK songshi/052 bc-6cfdff39-612e-4eed-818d-2df494abaef5 run-b9528c70-5dee-407e-a0ff-25ec94c927d8
OK songshi/241 bc-dbb95e1e-bdd2-491d-aad2-2fc7e6c2bf78 run-415c99ac-9f89-4649-982c-f38a51af3bc6
OK songshi/089 bc-c3694dd8-b9f1-4b4b-b45f-e70e9a74c8ec run-853690e7-a175-4b72-a88b-d6b748794cee
OK qingshigao/076 bc-97d6db9e-c06d-46be-8e1c-7bbcaa1ebde6 run-5cd3c555-381e-469e-ba63-1fbf2f97e5a4
OK beishi/089 bc-de95f79e-c154-4c21-bbce-4a31f5e1b15f run-7272148a-a69d-44bd-b091-3854e8e2a71f
OK qingshigao/481 bc-34208aca-6348-413c-b5fe-fc70645f67c8 run-c0215b1f-e4ab-4fad-8bcf-3c6e88561e91
OK songshi/223 bc-dfdd3514-edd2-427e-853b-8addf8352c4d run-96ce4161-6bd7-4d1c-8343-f2cea3ad5257
OK songshi/202 bc-9bf46d05-fd69-47c4-8b03-0b3e38a047c5 run-9cd04a50-a891-4c04-80f4-5568c3999bd2
OK qingshigao/075 bc-971b6127-0879-416e-ab73-9a5b357e3dcc run-4d28947b-1575-4ec5-9db1-77cd13b24b0d
OK qingshigao/126 bc-a31c8858-ac35-48da-afb5-9e89a0858850 run-8481164e-5818-42bc-8b8c-04186679d1df
OK weishu/101 bc-1108310e-bb96-43e4-b613-dfdaeaa6eb2d run-80b16c8d-f52d-4e32-b5b1-9d4968222bbb
OK qingshigao/070 bc-c411eccc-aefe-495e-a780-2fab8a7f0292 run-ac27fe79-ab61-4596-b9c1-fad9a883e944
OK songshi/134 bc-9f7838c5-149c-4320-85d0-a580a22a54d6 run-e34d1a28-380e-4204-80ac-4eb974cc31b3
OK qingshigao/068 bc-0cf8d59f-e998-4c42-b058-32feea70ac14 run-0719603e-e2cf-4cc0-a01d-568ce2bb90ae
OK mingshi/099 bc-0e5d3e70-e69d-4502-895e-bf7e6792a4ce run-62131278-26bf-4f00-8f63-11ac8c5316e4
OK qingshigao/072 bc-9b0d030d-0d5d-4c9a-81e9-67b661a48bd5 run-f220bb84-4e27-4b9c-9d73-bd4945d0b8ae
OK mingshi/097 bc-f678cde6-a942-47dd-8a37-16762900a82c run-4b937012-1181-4445-8532-69d942f346e2
OK qingshigao/061 bc-9210fef4-3176-4836-90e3-846679a1758f run-4b8e6792-7c16-4379-940b-021835d14b23
OK jiutangshu/187 bc-26e1f9f5-a430-4ede-8f49-bb23016648bb run-6885eba8-7b02-4832-b0c8-7d5fc22ca24d
OK qingshigao/114 bc-13f841d2-736f-4ddd-80bb-ae35ddf88dd3 run-0be65319-76f5-4cdd-87bd-b0e7b45d6988
OK xintangshu/221 bc-d2501ce2-ce67-48c8-b426-5e154317acef run-770bb2bb-5272-4de5-9336-3c5022257180
OK qingshigao/078 bc-4f4e45c8-feb7-4fde-bfa7-0dc1cd79696a run-c0db75f4-6c80-485e-abb5-9eac18ea486a
OK xintangshu/225 bc-622e58ae-28a4-481e-860f-7e2cb6880908 run-e18618a5-fc18-447d-a2b8-d99ac4b0c824
OK songshu/067 bc-cede2a00-6dfe-46c0-ba26-4d8525ab2e2c run-6495a909-03c2-449b-9c51-72f0c6d9e8c1
OK qingshigao/065 bc-d206fbc1-3dfb-4f5c-828f-c1ef03956b1c run-83be8c11-11e9-4d3c-ba57-9379d1bbd82f
OK qingshigao/197 bc-acc56175-c00f-497a-afe8-0ff3f1aa101d run-c439e8a8-e6b5-40eb-8a40-aa083118be32
OK yuanshi/063 bc-8664c84c-ee1c-450f-a6b8-6d35b18eefcd run-53209139-6cf4-4afe-ae26-e68bbbc07766
OK qingshigao/119 bc-13ac06a5-299d-4f4e-b42d-fbd6c0a1cea8 run-d8ae9014-8d8b-4686-92c4-9be436ae2ca5
OK weishu/117 bc-79b42094-5b8f-4662-ae74-6220c6c73c5b run-7c8dd03a-6628-49f3-8768-a7a24a2d9b0b
OK qingshigao/511 bc-7b45a2c4-8b3e-4a1d-a83f-932462c9db40 run-def83baa-c2f3-49c3-93f2-1c0b114f9fca
OK songshi/232 bc-ade66949-97bd-4655-b494-ab1cc199bccb run-ee51036f-1e3d-4194-95ca-db225486243e
OK qingshigao/062 bc-93a6740b-bd80-424f-8bb0-3ce8f2138db8 run-3e8e8ceb-4e46-4ec8-91d5-82cdae67685d
OK songshi/088 bc-3faec568-236b-4891-8fd3-2bd095d5e5fb run-3fa59dd4-09de-48df-b0f7-69fc6ac5dcbc
OK songshi/053 bc-beeeb1ad-44fd-4ecd-92fe-b0153f2c7a17 run-819b62a9-86c1-4651-a005-15049b02e870
OK qingshigao/482 bc-8f6fa14e-32e4-468d-bf10-5541b8a2224c run-41a53b2b-4099-4b52-b2dd-e710851f9198
OK songshi/051 bc-ccfa2572-b8d6-4509-a1d0-0e4f2b214e6d run-e4409c24-2e7f-488f-af1b-17bcd11da851
OK qingshigao/098 bc-7965a507-7b63-40b1-b941-d6d19ae32220 run-bab00b4f-7d14-429b-bc81-e09719b2eb72
OK songshi/054 bc-1c16ae8f-1644-4093-9b34-963e3214cf88 run-8ddae3fd-f5a5-4da9-b318-42efca6f4e3e
OK qingshigao/115 bc-7108e176-a4f4-4604-aa9c-49a570b88dae run-ca5ab9fc-215d-4fff-b3e7-33e91afa632d
OK qingshigao/060 bc-c6529b6d-85e2-44d8-b52c-067fb379a80c run-bb799de3-e6d2-4b55-9c49-f14d5a155320
OK qingshigao/073 bc-d8305f97-a711-4247-9e64-9609a0e7d0b8 run-c5011258-325d-44f6-8646-9d2bdf3e10e7
OK songshi/050 bc-942002e7-869b-4047-8788-49a653541fb1 run-83d4fdb3-3e94-4ae5-81a0-638172aad088
OK qingshigao/096 bc-d9e7005e-8710-4390-8275-74f3410cc648 run-23560d9f-70e1-4863-9868-583394b0d87a
OK xintangshu/222 bc-480d751b-eb61-4b25-9573-65e7f6180b4f run-dc8cb60a-6a01-4b06-87d4-11f8d020fda9
OK qingshigao/074 bc-07da91bd-23d0-4a0e-b16b-806333a39ab6 run-9aa4079c-2ce4-44c7-9155-ab7e263b4e73
OK yuanshi/058 bc-0169f2a1-5c49-4584-bba3-f0ea7bae3ad6 run-6184664c-f02c-4349-9ca5-3c6e08532831
OK qingshigao/100 bc-50e1be28-795e-4ebc-ac75-9057190e117d run-1ae40244-dab8-4361-bfd7-3116414255ec
OK qingshigao/484 bc-2b19d8bc-cbfb-4af3-9827-4e713fda367d run-370d72cd-03c4-487e-9150-069733d872d9
OK qingshigao/480 bc-b8b59bf7-5ce5-4cee-92db-bc2280bad3b2 run-d3dc12e0-7f95-4371-8b86-9c857316fe7d
OK qingshigao/054 bc-ca0c7f74-5687-405b-b836-61036dfad2ad run-7543e39d-035a-400a-ab53-124cf21546c3
OK mingshi/112 bc-c96c64c9-2634-4366-9a29-6f949b046107 run-5950a1ad-f6f3-49e5-8793-710c553be63a
OK songshi/237 bc-d9561e37-1f50-41dc-8b58-7ec7f972dccb run-ac4ce89b-9db1-4631-8b0c-072c80a66530
OK mingshi/111 bc-79d834eb-61c0-4b83-a554-2df5ec135a70 run-9ab49616-4a68-4810-ac50-b54f048d5d83
OK songshi/220 bc-58359a0d-f301-477f-8594-7a0edf80f4a6 run-60ef1b4c-1107-4a8c-bf5b-e564945f9576
OK songshi/055 bc-e6393209-96aa-4616-b753-f370a7f5cb29 run-867fb082-733e-46be-bbf2-d6047203b9ff
OK songshi/219 bc-0b28d0f1-641c-4a1b-ae2d-a84b1c68fa00 run-d21e9f5b-0818-4773-8e55-01c95db880cf
OK weishu/115 bc-8dba81c5-e6d3-4b14-b77d-64869ce6e2bb run-42cf94be-8c25-49b4-a05d-ab472247f8f9
OK qingshigao/069 bc-bf5d1f20-97cf-4877-83d0-28c2a0b57177 run-25c09ce0-d468-44a6-a0ac-1b86b3877574
OK xintangshu/043 bc-32c528c1-b5dd-42a4-9d8c-2d1e9205b75f run-8045316f-e8d6-4c48-b46d-2b849e1fe18c
OK songshi/239 bc-90fcb028-6984-4fbf-8b95-16a65c821b05 run-f149ca9d-134a-4fec-bdcc-5c6048da8a29
OK songshi/238 bc-9f7a81da-78d1-4e99-a292-b726f9a35db8 run-f5e1b496-1ca2-48cd-8539-15b5d2c3b59c
OK songshi/215 bc-d46c3ea3-c85c-4e6e-8493-716b42f26730 run-bae425fb-205e-45b9-a09d-f5a685d9ac41
OK songshi/230 bc-d0b6bade-0886-427a-a9e6-57efe3f57cd4 run-68bd3e44-346e-4712-bbf8-435d68c49ce7
OK songshi/222 bc-786b0bc3-f5ce-4269-8205-d4dcda1b6026 run-1bf43589-bf8a-4001-913a-dcdc9b2fbe60
OK songshi/221 bc-38639609-943c-47e6-affe-ecd2235d385f run-5abbade3-3a47-4b59-99b4-3912c7370389
OK qingshigao/475 bc-474dce47-2782-4712-a9b2-c74779fe6967 run-2b9d0833-bd51-4831-b4ac-2f9ef10bc7df
OK qingshigao/201 bc-5e953c97-c420-466a-92e7-9a71600b6798 run-8f6a414b-c140-45ea-a17f-c43bdc3e6cd5
OK songshi/216 bc-f92c26bc-b212-4afc-9f96-513f6c025c1e run-5888dd05-0310-4b99-98fd-26cfa69b709b
OK songshi/218 bc-dc2e81c5-e218-4f02-91c7-1a22c5d0a973 run-9b570acd-4dbb-4ecb-88ee-b6e7f71fd185
OK songshi/225 bc-df4522b8-d8c8-4b75-beb3-dd227e47d511 run-cbba97cc-8056-479c-8e8d-bd244d268681
OK songshi/228 bc-a37fce30-0f69-4cf4-a5d9-16243eb1b2d0 run-4a5ac52b-7ca9-4dde-85c8-06c9bdb082e2
OK songshi/229 bc-4c4a0d85-e2b7-4ca9-8907-ac4f7bbfeece run-fc40e5de-a8fd-4e1c-8890-88202cd58582
OK songshi/236 bc-e112036a-a15e-4ca8-ba3f-e44165984a3a run-d7461015-6d14-4597-9784-afb5538d0f9a
OK qingshigao/117 bc-a9c9b4c0-01b6-4675-ad49-5b3ed4a297f2 run-a2b43164-e1c3-481c-9074-fd652d7ad2fe
OK weishu/116 bc-2251e477-3e7e-4b19-aa6b-5064339423d1 run-ea233fce-c05a-42a3-a7d3-e4fb812d6950
OK songshi/231 bc-41b7a8fa-31b9-47b6-8749-94b20e33da2c run-8c68012a-1cf7-4feb-8d00-75fd30e39451
OK songshi/226 bc-bd3fe6a2-d7ba-41eb-b70a-05f943f58a2b run-56013988-9f37-4b28-ba64-d67d8e93037d
OK qingshigao/145 bc-d961c2b5-35ce-4495-af3b-d7e9bcc7eb83 run-234455dc-b6c2-4c64-8f67-4aea3e03250b
OK songshi/224 bc-3f69bbe3-b025-4395-9d00-12da50ad50da run-6cf57560-a8d6-4410-a5ac-a13aa753a2c4
OK songshi/227 bc-9cb6c5fe-7d36-4c52-8d82-0b4f0cb32284 run-a078c36d-439e-47d4-be3f-0e2c7e0d5665
OK songshi/217 bc-3e8beeb6-a99a-42f2-a2c5-419bc6f79ec9 run-bac9c138-e330-4d2d-a8c6-1de7e4396f12
OK songshi/234 bc-466a2009-cb8d-496e-9534-c559ec69090b run-71cb4907-8143-4989-bcf4-5899ef5b9d33
OK qingshigao/147 bc-1438a8be-2656-4883-bf9e-d3befd134a57 run-c70cf909-7964-40e0-8522-fe53ff6173fd
OK qingshigao/148 bc-e10d0f19-441c-42f0-99bc-4c2e29cb62c5 run-8665efc5-b30a-4499-9ba7-421a6f341689
OK qingshigao/146 bc-e1e5a2d1-6c36-4b66-8162-1593be1e2097 run-4d3b6488-ad66-40d8-aca1-16ed2ef96991

Done: 256 ok, 0 failed (remote agents keep running)
